Archive member included to satisfy reference by file (symbol)

C:/ST/STM32CubeCLT_1.15.0/GNU-tools-for-STM32/bin/../lib/gcc/arm-none-eabi/12.3.1/../../../../arm-none-eabi/lib/thumb/v7e-m+fp/hard\libc_nano.a(libc_a-exit.o)
                              C:/ST/STM32CubeCLT_1.15.0/GNU-tools-for-STM32/bin/../lib/gcc/arm-none-eabi/12.3.1/../../../../arm-none-eabi/lib/thumb/v7e-m+fp/hard/crt0.o (exit)
C:/ST/STM32CubeCLT_1.15.0/GNU-tools-for-STM32/bin/../lib/gcc/arm-none-eabi/12.3.1/../../../../arm-none-eabi/lib/thumb/v7e-m+fp/hard\libc_nano.a(libc_a-findfp.o)
                              C:/ST/STM32CubeCLT_1.15.0/GNU-tools-for-STM32/bin/../lib/gcc/arm-none-eabi/12.3.1/../../../../arm-none-eabi/lib/thumb/v7e-m+fp/hard\libc_nano.a(libc_a-exit.o) (__stdio_exit_handler)
C:/ST/STM32CubeCLT_1.15.0/GNU-tools-for-STM32/bin/../lib/gcc/arm-none-eabi/12.3.1/../../../../arm-none-eabi/lib/thumb/v7e-m+fp/hard\libc_nano.a(libc_a-fwalk.o)
                              C:/ST/STM32CubeCLT_1.15.0/GNU-tools-for-STM32/bin/../lib/gcc/arm-none-eabi/12.3.1/../../../../arm-none-eabi/lib/thumb/v7e-m+fp/hard\libc_nano.a(libc_a-findfp.o) (_fwalk_sglue)
C:/ST/STM32CubeCLT_1.15.0/GNU-tools-for-STM32/bin/../lib/gcc/arm-none-eabi/12.3.1/../../../../arm-none-eabi/lib/thumb/v7e-m+fp/hard\libc_nano.a(libc_a-stdio.o)
                              C:/ST/STM32CubeCLT_1.15.0/GNU-tools-for-STM32/bin/../lib/gcc/arm-none-eabi/12.3.1/../../../../arm-none-eabi/lib/thumb/v7e-m+fp/hard\libc_nano.a(libc_a-findfp.o) (__sread)
C:/ST/STM32CubeCLT_1.15.0/GNU-tools-for-STM32/bin/../lib/gcc/arm-none-eabi/12.3.1/../../../../arm-none-eabi/lib/thumb/v7e-m+fp/hard\libc_nano.a(libc_a-memset.o)
                              C:/ST/STM32CubeCLT_1.15.0/GNU-tools-for-STM32/bin/../lib/gcc/arm-none-eabi/12.3.1/../../../../arm-none-eabi/lib/thumb/v7e-m+fp/hard/crt0.o (memset)
C:/ST/STM32CubeCLT_1.15.0/GNU-tools-for-STM32/bin/../lib/gcc/arm-none-eabi/12.3.1/../../../../arm-none-eabi/lib/thumb/v7e-m+fp/hard\libc_nano.a(libc_a-closer.o)
                              C:/ST/STM32CubeCLT_1.15.0/GNU-tools-for-STM32/bin/../lib/gcc/arm-none-eabi/12.3.1/../../../../arm-none-eabi/lib/thumb/v7e-m+fp/hard\libc_nano.a(libc_a-stdio.o) (_close_r)
C:/ST/STM32CubeCLT_1.15.0/GNU-tools-for-STM32/bin/../lib/gcc/arm-none-eabi/12.3.1/../../../../arm-none-eabi/lib/thumb/v7e-m+fp/hard\libc_nano.a(libc_a-reent.o)
                              C:/ST/STM32CubeCLT_1.15.0/GNU-tools-for-STM32/bin/../lib/gcc/arm-none-eabi/12.3.1/../../../../arm-none-eabi/lib/thumb/v7e-m+fp/hard\libc_nano.a(libc_a-closer.o) (errno)
C:/ST/STM32CubeCLT_1.15.0/GNU-tools-for-STM32/bin/../lib/gcc/arm-none-eabi/12.3.1/../../../../arm-none-eabi/lib/thumb/v7e-m+fp/hard\libc_nano.a(libc_a-impure.o)
                              C:/ST/STM32CubeCLT_1.15.0/GNU-tools-for-STM32/bin/../lib/gcc/arm-none-eabi/12.3.1/../../../../arm-none-eabi/lib/thumb/v7e-m+fp/hard\libc_nano.a(libc_a-reent.o) (_impure_ptr)
C:/ST/STM32CubeCLT_1.15.0/GNU-tools-for-STM32/bin/../lib/gcc/arm-none-eabi/12.3.1/../../../../arm-none-eabi/lib/thumb/v7e-m+fp/hard\libc_nano.a(libc_a-lseekr.o)
                              C:/ST/STM32CubeCLT_1.15.0/GNU-tools-for-STM32/bin/../lib/gcc/arm-none-eabi/12.3.1/../../../../arm-none-eabi/lib/thumb/v7e-m+fp/hard\libc_nano.a(libc_a-stdio.o) (_lseek_r)
C:/ST/STM32CubeCLT_1.15.0/GNU-tools-for-STM32/bin/../lib/gcc/arm-none-eabi/12.3.1/../../../../arm-none-eabi/lib/thumb/v7e-m+fp/hard\libc_nano.a(libc_a-readr.o)
                              C:/ST/STM32CubeCLT_1.15.0/GNU-tools-for-STM32/bin/../lib/gcc/arm-none-eabi/12.3.1/../../../../arm-none-eabi/lib/thumb/v7e-m+fp/hard\libc_nano.a(libc_a-stdio.o) (_read_r)
C:/ST/STM32CubeCLT_1.15.0/GNU-tools-for-STM32/bin/../lib/gcc/arm-none-eabi/12.3.1/../../../../arm-none-eabi/lib/thumb/v7e-m+fp/hard\libc_nano.a(libc_a-writer.o)
                              C:/ST/STM32CubeCLT_1.15.0/GNU-tools-for-STM32/bin/../lib/gcc/arm-none-eabi/12.3.1/../../../../arm-none-eabi/lib/thumb/v7e-m+fp/hard\libc_nano.a(libc_a-stdio.o) (_write_r)
C:/ST/STM32CubeCLT_1.15.0/GNU-tools-for-STM32/bin/../lib/gcc/arm-none-eabi/12.3.1/../../../../arm-none-eabi/lib/thumb/v7e-m+fp/hard\libc_nano.a(libc_a-init.o)
                              C:/ST/STM32CubeCLT_1.15.0/GNU-tools-for-STM32/bin/../lib/gcc/arm-none-eabi/12.3.1/../../../../arm-none-eabi/lib/thumb/v7e-m+fp/hard/crt0.o (__libc_init_array)
C:/ST/STM32CubeCLT_1.15.0/GNU-tools-for-STM32/bin/../lib/gcc/arm-none-eabi/12.3.1/../../../../arm-none-eabi/lib/thumb/v7e-m+fp/hard\libc_nano.a(libc_a-lock.o)
                              C:/ST/STM32CubeCLT_1.15.0/GNU-tools-for-STM32/bin/../lib/gcc/arm-none-eabi/12.3.1/../../../../arm-none-eabi/lib/thumb/v7e-m+fp/hard\libc_nano.a(libc_a-findfp.o) (__retarget_lock_init_recursive)
C:/ST/STM32CubeCLT_1.15.0/GNU-tools-for-STM32/bin/../lib/gcc/arm-none-eabi/12.3.1/../../../../arm-none-eabi/lib/thumb/v7e-m+fp/hard\libc_nano.a(libc_a-freer.o)
[...]
Memory Configuration

Name             Origin             Length             Attributes
RAM              0x20000000         0x00020000         xrw
FLASH            0x08000000         0x00080000         xr
*default*        0x00000000         0xffffffff

Linker script and memory map

LOAD C:/ST/STM32CubeCLT_1.15.0/GNU-tools-for-STM32/bin/../lib/gcc/arm-none-eabi/12.3.1/thumb/v7e-m+fp/hard/crti.o
LOAD C:/ST/STM32CubeCLT_1.15.0/GNU-tools-for-STM32/bin/../lib/gcc/arm-none-eabi/12.3.1/thumb/v7e-m+fp/hard/crtbegin.o
LOAD C:/ST/STM32CubeCLT_1.15.0/GNU-tools-for-STM32/bin/../lib/gcc/arm-none-eabi/12.3.1/../../../../arm-none-eabi/lib/thumb/v7e-m+fp/hard/crt0.o
START GROUP
LOAD C:/ST/STM32CubeCLT_1.15.0/GNU-tools-for-STM32/bin/../lib/gcc/arm-none-eabi/12.3.1/../../../../arm-none-eabi/lib/thumb/v7e-m+fp/hard\libc_nano.a
LOAD C:/ST/STM32CubeCLT_1.15.0/GNU-tools-for-STM32/bin/../lib/gcc/arm-none-eabi/12.3.1/../../../../arm-none-eabi/lib/thumb/v7e-m+fp/hard\libm.a
END GROUP
LOAD CMakeFiles/ReadPot.dir/Core/Src/main.c.obj
LOAD CMakeFiles/ReadPot.dir/Core/Src/stm32f4xx_it.c.obj
LOAD CMakeFiles/ReadPot.dir/Core/Src/stm32f4xx_hal_msp.c.obj
LOAD CMakeFiles/ReadPot.dir/Drivers/STM32F4xx_HAL_Driver/Src/stm32f4xx_hal_adc.c.obj
LOAD CMakeFiles/ReadPot.dir/Drivers/STM32F4xx_HAL_Driver/Src/stm32f4xx_hal_adc_ex.c.obj
LOAD CMakeFiles/ReadPot.dir/Drivers/STM32F4xx_HAL_Driver/Src/stm32f4xx_ll_adc.c.obj
LOAD CMakeFiles/ReadPot.dir/Drivers/STM32F4xx_HAL_Driver/Src/stm32f4xx_hal_rcc.c.obj
LOAD CMakeFiles/ReadPot.dir/Drivers/STM32F4xx_HAL_Driver/Src/stm32f4xx_hal_rcc_ex.c.obj
LOAD CMakeFiles/ReadPot.dir/Drivers/STM32F4xx_HAL_Driver/Src/stm32f4xx_hal_flash.c.obj
LOAD CMakeFiles/ReadPot.dir/Drivers/STM32F4xx_HAL_Driver/Src/stm32f4xx_hal_flash_ex.c.obj
LOAD CMakeFiles/ReadPot.dir/Drivers/STM32F4xx_HAL_Driver/Src/stm32f4xx_hal_flash_ramfunc.c.obj
LOAD CMakeFiles/ReadPot.dir/Drivers/STM32F4xx_HAL_Driver/Src/stm32f4xx_hal_gpio.c.obj
LOAD CMakeFiles/ReadPot.dir/Drivers/STM32F4xx_HAL_Driver/Src/stm32f4xx_hal_dma_ex.c.obj
LOAD CMakeFiles/ReadPot.dir/Drivers/STM32F4xx_HAL_Driver/Src/stm32f4xx_hal_dma.c.obj
LOAD CMakeFiles/ReadPot.dir/Drivers/STM32F4xx_HAL_Driver/Src/stm32f4xx_hal_pwr.c.obj
LOAD CMakeFiles/ReadPot.dir/Drivers/STM32F4xx_HAL_Driver/Src/stm32f4xx_hal_pwr_ex.c.obj
LOAD CMakeFiles/ReadPot.dir/Drivers/STM32F4xx_HAL_Driver/Src/stm32f4xx_hal_cortex.c.obj
LOAD CMakeFiles/ReadPot.dir/Drivers/STM32F4xx_HAL_Driver/Src/stm32f4xx_hal.c.obj
LOAD CMakeFiles/ReadPot.dir/Drivers/STM32F4xx_HAL_Driver/Src/stm32f4xx_hal_exti.c.obj
LOAD CMakeFiles/ReadPot.dir/Drivers/STM32F4xx_HAL_Driver/Src/stm32f4xx_hal_tim.c.obj
LOAD CMakeFiles/ReadPot.dir/Drivers/STM32F4xx_HAL_Driver/Src/stm32f4xx_hal_tim_ex.c.obj
LOAD CMakeFiles/ReadPot.dir/Drivers/STM32F4xx_HAL_Driver/Src/stm32f4xx_hal_uart.c.obj
LOAD CMakeFiles/ReadPot.dir/Core/Src/system_stm32f4xx.c.obj
LOAD CMakeFiles/ReadPot.dir/Core/Src/sysmem.c.obj
LOAD CMakeFiles/ReadPot.dir/Core/Src/syscalls.c.obj
LOAD CMakeFiles/ReadPot.dir/startup_stm32f411xe.s.obj
START GROUP
LOAD C:/ST/STM32CubeCLT_1.15.0/GNU-tools-for-STM32/bin/../lib/gcc/arm-none-eabi/12.3.1/thumb/v7e-m+fp/hard\libgcc.a
LOAD C:/ST/STM32CubeCLT_1.15.0/GNU-tools-for-STM32/bin/../lib/gcc/arm-none-eabi/12.3.1/../../../../arm-none-eabi/lib/thumb/v7e-m+fp/hard\libg_nano.a
LOAD C:/ST/STM32CubeCLT_1.15.0/GNU-tools-for-STM32/bin/../lib/gcc/arm-none-eabi/12.3.1/../../../../arm-none-eabi/lib/thumb/v7e-m+fp/hard\libc_nano.a
END GROUP
START GROUP
LOAD C:/ST/STM32CubeCLT_1.15.0/GNU-tools-for-STM32/bin/../lib/gcc/arm-none-eabi/12.3.1/thumb/v7e-m+fp/hard\libgcc.a
LOAD C:/ST/STM32CubeCLT_1.15.0/GNU-tools-for-STM32/bin/../lib/gcc/arm-none-eabi/12.3.1/../../../../arm-none-eabi/lib/thumb/v7e-m+fp/hard\libc_nano.a
END GROUP
LOAD C:/ST/STM32CubeCLT_1.15.0/GNU-tools-for-STM32/bin/../lib/gcc/arm-none-eabi/12.3.1/thumb/v7e-m+fp/hard/crtend.o
LOAD C:/ST/STM32CubeCLT_1.15.0/GNU-tools-for-STM32/bin/../lib/gcc/arm-none-eabi/12.3.1/thumb/v7e-m+fp/hard/crtn.o
                0x20020000                        _estack = (ORIGIN (RAM) + LENGTH (RAM))
                0x00000200                        _Min_Heap_Size = 0x200
                0x00000400                        _Min_Stack_Size = 0x400

.isr_vector     0x08000000      0x198
                0x08000000                        . = ALIGN (0x4)
 *(.isr_vector)
 .isr_vector    0x08000000      0x198 CMakeFiles/ReadPot.dir/startup_stm32f411xe.s.obj
                0x08000000                g_pfnVectors
                0x08000198                        . = ALIGN (0x4)

.text           0x080001a0     0x3168
                0x080001a0                        . = ALIGN (0x4)
 *(.text)
 .text          0x080001a0       0x40 C:/ST/STM32CubeCLT_1.15.0/GNU-tools-for-STM32/bin/../lib/gcc/arm-none-eabi/12.3.1/thumb/v7e-m+fp/hard/crtbegin.o
 .text          0x080001e0       0x30 C:/ST/STM32CubeCLT_1.15.0/GNU-tools-for-STM32/bin/../lib/gcc/arm-none-eabi/12.3.1/thumb/v7e-m+fp/hard\libgcc.a(_aeabi_uldivmod.o)
                0x080001e0                __aeabi_uldivmod
 .text          0x08000210      0x2bc C:/ST/STM32CubeCLT_1.15.0/GNU-tools-for-STM32/bin/../lib/gcc/arm-none-eabi/12.3.1/thumb/v7e-m+fp/hard\libgcc.a(_udivmoddi4.o)
                0x08000210                __udivmoddi4
 .text          0x080004cc        0x4 C:/ST/STM32CubeCLT_1.15.0/GNU-tools-for-STM32/bin/../lib/gcc/arm-none-eabi/12.3.1/thumb/v7e-m+fp/hard\libgcc.a(_dvmd_tls.o)
                0x080004cc                __aeabi_idiv0
                0x080004cc                __aeabi_ldiv0
 .text          0x080004d0       0xa0 C:/ST/STM32CubeCLT_1.15.0/GNU-tools-for-STM32/bin/../lib/gcc/arm-none-eabi/12.3.1/../../../../arm-none-eabi/lib/thumb/v7e-m+fp/hard\libg_nano.a(libc_a-memchr.o)
                0x080004d0                memchr
 *(.text*)
 .text.memset   0x08000570       0x10 C:/ST/STM32CubeCLT_1.15.0/GNU-tools-for-STM32/bin/../lib/gcc/arm-none-eabi/12.3.1/../../../../arm-none-eabi/lib/thumb/v7e-m+fp/hard\libc_nano.a(libc_a-memset.o)
                0x08000570                memset
 .text.__libc_init_array
                0x08000580       0x48 C:/ST/STM32CubeCLT_1.15.0/GNU-tools-for-STM32/bin/../lib/gcc/arm-none-eabi/12.3.1/../../../../arm-none-eabi/lib/thumb/v7e-m+fp/hard\libc_nano.a(libc_a-init.o)
                0x08000580                __libc_init_array
 .text.__retarget_lock_acquire_recursive
                0x080005c8        0x2 C:/ST/STM32CubeCLT_1.15.0/GNU-tools-for-STM32/bin/../lib/gcc/arm-none-eabi/12.3.1/../../../../arm-none-eabi/lib/thumb/v7e-m+fp/hard\libc_nano.a(libc_a-lock.o)
                0x080005c8                __retarget_lock_acquire_recursive
 .text.__retarget_lock_release_recursive
                0x080005ca        0x2 C:/ST/STM32CubeCLT_1.15.0/GNU-tools-for-STM32/bin/../lib/gcc/arm-none-eabi/12.3.1/../../../../arm-none-eabi/lib/thumb/v7e-m+fp/hard\libc_nano.a(libc_a-lock.o)
                0x080005ca                __retarget_lock_release_recursive
 .text._free_r  0x080005cc       0x94 C:/ST/STM32CubeCLT_1.15.0/GNU-tools-for-STM32/bin/../lib/gcc/arm-none-eabi/12.3.1/../../../../arm-none-eabi/lib/thumb/v7e-m+fp/hard\libc_nano.a(libc_a-freer.o)
                0x080005cc                _free_r
 .text.sbrk_aligned
                0x08000660       0x44 C:/ST/STM32CubeCLT_1.15.0/GNU-tools-for-STM32/bin/../lib/gcc/arm-none-eabi/12.3.1/../../../../arm-none-eabi/lib/thumb/v7e-m+fp/hard\libc_nano.a(libc_a-mallocr.o)
 .text._malloc_r
                0x080006a4      0x100 C:/ST/STM32CubeCLT_1.15.0/GNU-tools-for-STM32/bin/../lib/gcc/arm-none-eabi/12.3.1/../../../../arm-none-eabi/lib/thumb/v7e-m+fp/hard\libc_nano.a(libc_a-mallocr.o)
                0x080006a4                _malloc_r
 .text.__malloc_lock
                0x080007a4        0xc C:/ST/STM32CubeCLT_1.15.0/GNU-tools-for-STM32/bin/../lib/gcc/arm-none-eabi/12.3.1/../../../../arm-none-eabi/lib/thumb/v7e-m+fp/hard\libc_nano.a(libc_a-mlock.o)
                0x080007a4                __malloc_lock
 .text.__malloc_unlock
                0x080007b0        0xc C:/ST/STM32CubeCLT_1.15.0/GNU-tools-for-STM32/bin/../lib/gcc/arm-none-eabi/12.3.1/../../../../arm-none-eabi/lib/thumb/v7e-m+fp/hard\libc_nano.a(libc_a-mlock.o)
                0x080007b0                __malloc_unlock
 .text._sbrk_r  0x080007bc       0x20 C:/ST/STM32CubeCLT_1.15.0/GNU-tools-for-STM32/bin/../lib/gcc/arm-none-eabi/12.3.1/../../../../arm-none-eabi/lib/thumb/v7e-m+fp/hard\libc_nano.a(libc_a-sbrkr.o)
                0x080007bc                _sbrk_r
 .text.main     0x080007dc       0x70 CMakeFiles/ReadPot.dir/Core/Src/main.c.obj
                0x080007dc                main
 .text.SystemClock_Config
                0x0800084c       0xd4 CMakeFiles/ReadPot.dir/Core/Src/main.c.obj
                0x0800084c                SystemClock_Config
 .text.MX_ADC1_Init
                0x08000920       0xa4 CMakeFiles/ReadPot.dir/Core/Src/main.c.obj
 .text.MX_USART2_UART_Init
                0x080009c4       0x54 CMakeFiles/ReadPot.dir/Core/Src/main.c.obj
 .text.MX_GPIO_Init
                0x08000a18       0x84 CMakeFiles/ReadPot.dir/Core/Src/main.c.obj
 .text.Error_Handler
                0x08000a9c        0xc CMakeFiles/ReadPot.dir/Core/Src/main.c.obj
                0x08000a9c                Error_Handler
 .text.NMI_Handler
                0x08000aa8        0x8 CMakeFiles/ReadPot.dir/Core/Src/stm32f4xx_it.c.obj
                0x08000aa8                NMI_Handler
 .text.HardFault_Handler
                0x08000ab0        0x8 CMakeFiles/ReadPot.dir/Core/Src/stm32f4xx_it.c.obj
                0x08000ab0                HardFault_Handler
 .text.MemManage_Handler
                0x08000ab8        0x8 CMakeFiles/ReadPot.dir/Core/Src/stm32f4xx_it.c.obj
                0x08000ab8                MemManage_Handler
 .text.BusFault_Handler
                0x08000ac0        0x8 CMakeFiles/ReadPot.dir/Core/Src/stm32f4xx_it.c.obj
                0x08000ac0                BusFault_Handler
 .text.UsageFault_Handler
                0x08000ac8        0x8 CMakeFiles/ReadPot.dir/Core/Src/stm32f4xx_it.c.obj
                0x08000ac8                UsageFault_Handler
 .text.SVC_Handler
                0x08000ad0        0xe CMakeFiles/ReadPot.dir/Core/Src/stm32f4xx_it.c.obj
                0x08000ad0                SVC_Handler
 .text.DebugMon_Handler
                0x08000ade        0xe CMakeFiles/ReadPot.dir/Core/Src/stm32f4xx_it.c.obj
                0x08000ade                DebugMon_Handler
 .text.PendSV_Handler
                0x08000aec        0xe CMakeFiles/ReadPot.dir/Core/Src/stm32f4xx_it.c.obj
                0x08000aec                PendSV_Handler
 .text.SysTick_Handler
                0x08000afa        0xc CMakeFiles/ReadPot.dir/Core/Src/stm32f4xx_it.c.obj
                0x08000afa                SysTick_Handler
 *fill*         0x08000b06        0x2 
 .text.HAL_MspInit
                0x08000b08       0x50 CMakeFiles/ReadPot.dir/Core/Src/stm32f4xx_hal_msp.c.obj
                0x08000b08                HAL_MspInit
 .text.HAL_ADC_MspInit
                0x08000b58       0x88 CMakeFiles/ReadPot.dir/Core/Src/stm32f4xx_hal_msp.c.obj
                0x08000b58                HAL_ADC_MspInit
 .text.HAL_UART_MspInit
                0x08000be0       0x90 CMakeFiles/ReadPot.dir/Core/Src/stm32f4xx_hal_msp.c.obj
                0x08000be0                HAL_UART_MspInit
 .text.HAL_ADC_Init
                0x08000c70       0x86 CMakeFiles/ReadPot.dir/Drivers/STM32F4xx_HAL_Driver/Src/stm32f4xx_hal_adc.c.obj
                0x08000c70                HAL_ADC_Init
 *fill*         0x08000cf6        0x2 
 .text.HAL_ADC_Start
                0x08000cf8      0x168 CMakeFiles/ReadPot.dir/Drivers/STM32F4xx_HAL_Driver/Src/stm32f4xx_hal_adc.c.obj
                0x08000cf8                HAL_ADC_Start
 .text.HAL_ADC_PollForConversion
                0x08000e60      0x116 CMakeFiles/ReadPot.dir/Drivers/STM32F4xx_HAL_Driver/Src/stm32f4xx_hal_adc.c.obj
                0x08000e60                HAL_ADC_PollForConversion
 .text.HAL_ADC_GetValue
                0x08000f76       0x1a CMakeFiles/ReadPot.dir/Drivers/STM32F4xx_HAL_Driver/Src/stm32f4xx_hal_adc.c.obj
                0x08000f76                HAL_ADC_GetValue
 .text.HAL_ADC_ConfigChannel
                0x08000f90      0x264 CMakeFiles/ReadPot.dir/Drivers/STM32F4xx_HAL_Driver/Src/stm32f4xx_hal_adc.c.obj
                0x08000f90                HAL_ADC_ConfigChannel
 .text.ADC_Init
                0x080011f4      0x1f8 CMakeFiles/ReadPot.dir/Drivers/STM32F4xx_HAL_Driver/Src/stm32f4xx_hal_adc.c.obj
 .text.HAL_RCC_OscConfig
                0x080013ec      0x4f0 CMakeFiles/ReadPot.dir/Drivers/STM32F4xx_HAL_Driver/Src/stm32f4xx_hal_rcc.c.obj
                0x080013ec                HAL_RCC_OscConfig
 .text.HAL_RCC_ClockConfig
                0x080018dc      0x1cc CMakeFiles/ReadPot.dir/Drivers/STM32F4xx_HAL_Driver/Src/stm32f4xx_hal_rcc.c.obj
                0x080018dc                HAL_RCC_ClockConfig
 .text.HAL_RCC_GetSysClockFreq
                0x08001aa8      0x20c CMakeFiles/ReadPot.dir/Drivers/STM32F4xx_HAL_Driver/Src/stm32f4xx_hal_rcc.c.obj
                0x08001aa8                HAL_RCC_GetSysClockFreq
 .text.HAL_RCC_GetHCLKFreq
                0x08001cb4       0x18 CMakeFiles/ReadPot.dir/Drivers/STM32F4xx_HAL_Driver/Src/stm32f4xx_hal_rcc.c.obj
                0x08001cb4                HAL_RCC_GetHCLKFreq
 .text.HAL_RCC_GetPCLK1Freq
                0x08001ccc       0x28 CMakeFiles/ReadPot.dir/Drivers/STM32F4xx_HAL_Driver/Src/stm32f4xx_hal_rcc.c.obj
                0x08001ccc                HAL_RCC_GetPCLK1Freq
 .text.HAL_RCC_GetPCLK2Freq
                0x08001cf4       0x28 CMakeFiles/ReadPot.dir/Drivers/STM32F4xx_HAL_Driver/Src/stm32f4xx_hal_rcc.c.obj
                0x08001cf4                HAL_RCC_GetPCLK2Freq
 .text.HAL_GPIO_Init
                0x08001d1c      0x308 CMakeFiles/ReadPot.dir/Drivers/STM32F4xx_HAL_Driver/Src/stm32f4xx_hal_gpio.c.obj
                0x08001d1c                HAL_GPIO_Init
 .text.HAL_GPIO_WritePin
                0x08002024       0x32 CMakeFiles/ReadPot.dir/Drivers/STM32F4xx_HAL_Driver/Src/stm32f4xx_hal_gpio.c.obj
                0x08002024                HAL_GPIO_WritePin
 *fill*         0x08002056        0x2 
 .text.__NVIC_SetPriorityGrouping
                0x08002058       0x48 CMakeFiles/ReadPot.dir/Drivers/STM32F4xx_HAL_Driver/Src/stm32f4xx_hal_cortex.c.obj
 .text.__NVIC_GetPriorityGrouping
                0x080020a0       0x1c CMakeFiles/ReadPot.dir/Drivers/STM32F4xx_HAL_Driver/Src/stm32f4xx_hal_cortex.c.obj
 .text.__NVIC_SetPriority
                0x080020bc       0x54 CMakeFiles/ReadPot.dir/Drivers/STM32F4xx_HAL_Driver/Src/stm32f4xx_hal_cortex.c.obj
 .text.NVIC_EncodePriority
                0x08002110       0x66 CMakeFiles/ReadPot.dir/Drivers/STM32F4xx_HAL_Driver/Src/stm32f4xx_hal_cortex.c.obj
 *fill*         0x08002176        0x2 
 .text.SysTick_Config
                0x08002178       0x44 CMakeFiles/ReadPot.dir/Drivers/STM32F4xx_HAL_Driver/Src/stm32f4xx_hal_cortex.c.obj
 .text.HAL_NVIC_SetPriorityGrouping
                0x080021bc       0x16 CMakeFiles/ReadPot.dir/Drivers/STM32F4xx_HAL_Driver/Src/stm32f4xx_hal_cortex.c.obj
                0x080021bc                HAL_NVIC_SetPriorityGrouping
 .text.HAL_NVIC_SetPriority
                0x080021d2       0x38 CMakeFiles/ReadPot.dir/Drivers/STM32F4xx_HAL_Driver/Src/stm32f4xx_hal_cortex.c.obj
                0x080021d2                HAL_NVIC_SetPriority
 .text.HAL_SYSTICK_Config
                0x0800220a       0x18 CMakeFiles/ReadPot.dir/Drivers/STM32F4xx_HAL_Driver/Src/stm32f4xx_hal_cortex.c.obj
                0x0800220a                HAL_SYSTICK_Config
 *fill*         0x08002222        0x2 
 .text.HAL_Init
                0x08002224       0x44 CMakeFiles/ReadPot.dir/Drivers/STM32F4xx_HAL_Driver/Src/stm32f4xx_hal.c.obj
                0x08002224                HAL_Init
 .text.HAL_InitTick
                0x08002268       0x60 CMakeFiles/ReadPot.dir/Drivers/STM32F4xx_HAL_Driver/Src/stm32f4xx_hal.c.obj
                0x08002268                HAL_InitTick
 .text.HAL_IncTick
                0x080022c8       0x28 CMakeFiles/ReadPot.dir/Drivers/STM32F4xx_HAL_Driver/Src/stm32f4xx_hal.c.obj
                0x080022c8                HAL_IncTick
 .text.HAL_GetTick
                0x080022f0       0x18 CMakeFiles/ReadPot.dir/Drivers/STM32F4xx_HAL_Driver/Src/stm32f4xx_hal.c.obj
                0x080022f0                HAL_GetTick
 .text.HAL_UART_Init
                0x08002308       0xa0 CMakeFiles/ReadPot.dir/Drivers/STM32F4xx_HAL_Driver/Src/stm32f4xx_hal_uart.c.obj
                0x08002308                HAL_UART_Init
 .text.HAL_UART_Transmit
                0x080023a8      0x116 CMakeFiles/ReadPot.dir/Drivers/STM32F4xx_HAL_Driver/Src/stm32f4xx_hal_uart.c.obj
                0x080023a8                HAL_UART_Transmit
 .text.UART_WaitOnFlagUntilTimeout
                0x080024be       0xb2 CMakeFiles/ReadPot.dir/Drivers/STM32F4xx_HAL_Driver/Src/stm32f4xx_hal_uart.c.obj
 .text.UART_EndRxTransfer
                0x08002570       0xc6 CMakeFiles/ReadPot.dir/Drivers/STM32F4xx_HAL_Driver/Src/stm32f4xx_hal_uart.c.obj
 *fill*         0x08002636        0x2 
 .text.UART_SetConfig
                0x08002638      0x4e8 CMakeFiles/ReadPot.dir/Drivers/STM32F4xx_HAL_Driver/Src/stm32f4xx_hal_uart.c.obj
 .text.SystemInit
                0x08002b20       0x24 CMakeFiles/ReadPot.dir/Core/Src/system_stm32f4xx.c.obj
                0x08002b20                SystemInit
 .text._sbrk    0x08002b44       0x6c CMakeFiles/ReadPot.dir/Core/Src/sysmem.c.obj
                0x08002b44                _sbrk
 .text.Reset_Handler
                0x08002bb0       0x50 CMakeFiles/ReadPot.dir/startup_stm32f411xe.s.obj
                0x08002bb0                Reset_Handler
 .text.Default_Handler
                0x08002c00        0x2 CMakeFiles/ReadPot.dir/startup_stm32f411xe.s.obj
                0x08002c00                RTC_Alarm_IRQHandler
                0x08002c00                EXTI2_IRQHandler
                0x08002c00                SPI4_IRQHandler
                0x08002c00                TIM1_CC_IRQHandler
                0x08002c00                DMA2_Stream5_IRQHandler
                0x08002c00                DMA1_Stream5_IRQHandler
                0x08002c00                PVD_IRQHandler
                0x08002c00                SDIO_IRQHandler
                0x08002c00                TAMP_STAMP_IRQHandler
                0x08002c00                EXTI3_IRQHandler
                0x08002c00                TIM1_UP_TIM10_IRQHandler
                0x08002c00                I2C3_ER_IRQHandler
                0x08002c00                EXTI0_IRQHandler
                0x08002c00                I2C2_EV_IRQHandler
                0x08002c00                DMA1_Stream2_IRQHandler
                0x08002c00                FPU_IRQHandler
                0x08002c00                DMA2_Stream2_IRQHandler
                0x08002c00                SPI1_IRQHandler
                0x08002c00                TIM1_BRK_TIM9_IRQHandler
                0x08002c00                DMA2_Stream3_IRQHandler
                0x08002c00                USART6_IRQHandler
                0x08002c00                DMA2_Stream0_IRQHandler
                0x08002c00                TIM4_IRQHandler
                0x08002c00                I2C1_EV_IRQHandler
                0x08002c00                DMA1_Stream6_IRQHandler
                0x08002c00                DMA1_Stream1_IRQHandler
                0x08002c00                TIM3_IRQHandler
                0x08002c00                RCC_IRQHandler
                0x08002c00                Default_Handler
                0x08002c00                EXTI15_10_IRQHandler
                0x08002c00                ADC_IRQHandler
                0x08002c00                DMA1_Stream7_IRQHandler
                0x08002c00                SPI5_IRQHandler
                0x08002c00                TIM5_IRQHandler
                0x08002c00                DMA2_Stream7_IRQHandler
                0x08002c00                I2C3_EV_IRQHandler
                0x08002c00                EXTI9_5_IRQHandler
                0x08002c00                RTC_WKUP_IRQHandler
                0x08002c00                SPI2_IRQHandler
                0x08002c00                DMA1_Stream0_IRQHandler
                0x08002c00                EXTI4_IRQHandler
                0x08002c00                WWDG_IRQHandler
                0x08002c00                TIM2_IRQHandler
                0x08002c00                OTG_FS_WKUP_IRQHandler
                0x08002c00                TIM1_TRG_COM_TIM11_IRQHandler
                0x08002c00                EXTI1_IRQHandler
                0x08002c00                USART2_IRQHandler
                0x08002c00                I2C2_ER_IRQHandler
                0x08002c00                DMA2_Stream1_IRQHandler
                0x08002c00                FLASH_IRQHandler
                0x08002c00                DMA2_Stream4_IRQHandler
                0x08002c00                USART1_IRQHandler
                0x08002c00                OTG_FS_IRQHandler
                0x08002c00                SPI3_IRQHandler
                0x08002c00                DMA1_Stream4_IRQHandler
                0x08002c00                I2C1_ER_IRQHandler
                0x08002c00                DMA2_Stream6_IRQHandler
                0x08002c00                DMA1_Stream3_IRQHandler
 *fill*         0x08002c02        0x2 
 .text.sprintf  0x08002c04       0x40 C:/ST/STM32CubeCLT_1.15.0/GNU-tools-for-STM32/bin/../lib/gcc/arm-none-eabi/12.3.1/../../../../arm-none-eabi/lib/thumb/v7e-m+fp/hard\libg_nano.a(libc_a-sprintf.o)
                0x08002c04                siprintf
                0x08002c04                sprintf
 .text.strnlen  0x08002c44       0x18 C:/ST/STM32CubeCLT_1.15.0/GNU-tools-for-STM32/bin/../lib/gcc/arm-none-eabi/12.3.1/../../../../arm-none-eabi/lib/thumb/v7e-m+fp/hard\libg_nano.a(libc_a-strnlen.o)
                0x08002c44                strnlen
 .text.__errno  0x08002c5c        0xc C:/ST/STM32CubeCLT_1.15.0/GNU-tools-for-STM32/bin/../lib/gcc/arm-none-eabi/12.3.1/../../../../arm-none-eabi/lib/thumb/v7e-m+fp/hard\libg_nano.a(libc_a-errno.o)
                0x08002c5c                __errno
 .text.__ssputs_r
                0x08002c68       0xb6 C:/ST/STM32CubeCLT_1.15.0/GNU-tools-for-STM32/bin/../lib/gcc/arm-none-eabi/12.3.1/../../../../arm-none-eabi/lib/thumb/v7e-m+fp/hard\libg_nano.a(libc_a-nano-svfprintf.o)
                0x08002c68                __ssputs_r
 *fill*         0x08002d1e        0x2 
 .text._svfprintf_r
                0x08002d20      0x1f8 C:/ST/STM32CubeCLT_1.15.0/GNU-tools-for-STM32/bin/../lib/gcc/arm-none-eabi/12.3.1/../../../../arm-none-eabi/lib/thumb/v7e-m+fp/hard\libg_nano.a(libc_a-nano-svfprintf.o)
                0x08002d20                _svfiprintf_r
                0x08002d20                _svfprintf_r
 .text._printf_common
                0x08002f18       0xda C:/ST/STM32CubeCLT_1.15.0/GNU-tools-for-STM32/bin/../lib/gcc/arm-none-eabi/12.3.1/../../../../arm-none-eabi/lib/thumb/v7e-m+fp/hard\libg_nano.a(libc_a-nano-vfprintf_i.o)
                0x08002f18                _printf_common
 *fill*         0x08002ff2        0x2 
 .text._printf_i
                0x08002ff4      0x240 C:/ST/STM32CubeCLT_1.15.0/GNU-tools-for-STM32/bin/../lib/gcc/arm-none-eabi/12.3.1/../../../../arm-none-eabi/lib/thumb/v7e-m+fp/hard\libg_nano.a(libc_a-nano-vfprintf_i.o)
                0x08002ff4                _printf_i
 .text.memmove  0x08003234       0x34 C:/ST/STM32CubeCLT_1.15.0/GNU-tools-for-STM32/bin/../lib/gcc/arm-none-eabi/12.3.1/../../../../arm-none-eabi/lib/thumb/v7e-m+fp/hard\libg_nano.a(libc_a-memmove.o)
                0x08003234                memmove
 .text.memcpy   0x08003268       0x1c C:/ST/STM32CubeCLT_1.15.0/GNU-tools-for-STM32/bin/../lib/gcc/arm-none-eabi/12.3.1/../../../../arm-none-eabi/lib/thumb/v7e-m+fp/hard\libg_nano.a(libc_a-memcpy-stub.o)
                0x08003268                memcpy
 .text._realloc_r
                0x08003284       0x5c C:/ST/STM32CubeCLT_1.15.0/GNU-tools-for-STM32/bin/../lib/gcc/arm-none-eabi/12.3.1/../../../../arm-none-eabi/lib/thumb/v7e-m+fp/hard\libg_nano.a(libc_a-reallocr.o)
                0x08003284                _realloc_r
 .text._malloc_usable_size_r
                0x080032e0       0x10 C:/ST/STM32CubeCLT_1.15.0/GNU-tools-for-STM32/bin/../lib/gcc/arm-none-eabi/12.3.1/../../../../arm-none-eabi/lib/thumb/v7e-m+fp/hard\libg_nano.a(libc_a-msizer.o)
                0x080032e0                _malloc_usable_size_r
 *(.glue_7)
 .glue_7        0x080032f0        0x0 linker stubs
 *(.glue_7t)
 .glue_7t       0x080032f0        0x0 linker stubs
 *(.eh_frame)
 .eh_frame      0x080032f0        0x0 C:/ST/STM32CubeCLT_1.15.0/GNU-tools-for-STM32/bin/../lib/gcc/arm-none-eabi/12.3.1/thumb/v7e-m+fp/hard/crtbegin.o
 *(.init)
 .init          0x080032f0        0x4 C:/ST/STM32CubeCLT_1.15.0/GNU-tools-for-STM32/bin/../lib/gcc/arm-none-eabi/12.3.1/thumb/v7e-m+fp/hard/crti.o
                0x080032f0                _init
 .init          0x080032f4        0x8 C:/ST/STM32CubeCLT_1.15.0/GNU-tools-for-STM32/bin/../lib/gcc/arm-none-eabi/12.3.1/thumb/v7e-m+fp/hard/crtn.o
 *(.fini)
 .fini          0x080032fc        0x4 C:/ST/STM32CubeCLT_1.15.0/GNU-tools-for-STM32/bin/../lib/gcc/arm-none-eabi/12.3.1/thumb/v7e-m+fp/hard/crti.o
                0x080032fc                _fini
 .fini          0x08003300        0x8 C:/ST/STM32CubeCLT_1.15.0/GNU-tools-for-STM32/bin/../lib/gcc/arm-none-eabi/12.3.1/thumb/v7e-m+fp/hard/crtn.o
                0x08003308                        . = ALIGN (0x4)
                0x08003308                        _etext = .

.vfp11_veneer   0x08003308        0x0
 .vfp11_veneer  0x08003308        0x0 linker stubs

.v4_bx          0x08003308        0x0
 .v4_bx         0x08003308        0x0 linker stubs

.iplt           0x08003308        0x0
 .iplt          0x08003308        0x0 C:/ST/STM32CubeCLT_1.15.0/GNU-tools-for-STM32/bin/../lib/gcc/arm-none-eabi/12.3.1/thumb/v7e-m+fp/hard/crtbegin.o

.rodata         0x08003308       0x54
                0x08003308                        . = ALIGN (0x4)
 *(.rodata)
 .rodata        0x08003308        0x6 CMakeFiles/ReadPot.dir/Core/Src/main.c.obj
 *(.rodata*)
 *fill*         0x0800330e        0x2 
 .rodata.AHBPrescTable
                0x08003310       0x10 CMakeFiles/ReadPot.dir/Core/Src/system_stm32f4xx.c.obj
                0x08003310                AHBPrescTable
 .rodata.APBPrescTable
                0x08003320        0x8 CMakeFiles/ReadPot.dir/Core/Src/system_stm32f4xx.c.obj
                0x08003320                APBPrescTable
 .rodata._svfprintf_r.str1.1
                0x08003328       0x11 C:/ST/STM32CubeCLT_1.15.0/GNU-tools-for-STM32/bin/../lib/gcc/arm-none-eabi/12.3.1/../../../../arm-none-eabi/lib/thumb/v7e-m+fp/hard\libg_nano.a(libc_a-nano-svfprintf.o)
 .rodata._printf_i.str1.1
                0x08003339       0x22 C:/ST/STM32CubeCLT_1.15.0/GNU-tools-for-STM32/bin/../lib/gcc/arm-none-eabi/12.3.1/../../../../arm-none-eabi/lib/thumb/v7e-m+fp/hard\libg_nano.a(libc_a-nano-vfprintf_i.o)
                0x0800335c                        . = ALIGN (0x4)
 *fill*         0x0800335b        0x1 

.ARM.extab
 *(.ARM.extab* .gnu.linkonce.armextab.*)

.ARM            0x0800335c        0x8
                0x0800335c                        __exidx_start = .
 *(.ARM.exidx*)
 .ARM.exidx     0x0800335c        0x8 C:/ST/STM32CubeCLT_1.15.0/GNU-tools-for-STM32/bin/../lib/gcc/arm-none-eabi/12.3.1/thumb/v7e-m+fp/hard\libgcc.a(_udivmoddi4.o)
 .ARM.exidx     0x08003364        0x0 C:/ST/STM32CubeCLT_1.15.0/GNU-tools-for-STM32/bin/../lib/gcc/arm-none-eabi/12.3.1/../../../../arm-none-eabi/lib/thumb/v7e-m+fp/hard\libg_nano.a(libc_a-memchr.o)
                                  0x8 (size before relaxing)
                0x08003364                        __exidx_end = .

.rel.dyn        0x08003364        0x0
 .rel.iplt      0x08003364        0x0 C:/ST/STM32CubeCLT_1.15.0/GNU-tools-for-STM32/bin/../lib/gcc/arm-none-eabi/12.3.1/thumb/v7e-m+fp/hard/crtbegin.o

.preinit_array  0x08003364        0x0
                0x08003364                        PROVIDE (__preinit_array_start = .)
 *(.preinit_array*)
                0x08003364                        PROVIDE (__preinit_array_end = .)

.init_array     0x08003364        0x4
                0x08003364                        PROVIDE (__init_array_start = .)
 *(SORT_BY_NAME(.init_array.*))
 *(.init_array*)
 .init_array    0x08003364        0x4 C:/ST/STM32CubeCLT_1.15.0/GNU-tools-for-STM32/bin/../lib/gcc/arm-none-eabi/12.3.1/thumb/v7e-m+fp/hard/crtbegin.o
                0x08003368                        PROVIDE (__init_array_end = .)

.fini_array     0x08003368        0x4
                [!provide]                        PROVIDE (__fini_array_start = .)
 *(SORT_BY_NAME(.fini_array.*))
 *(.fini_array*)
 .fini_array    0x08003368        0x4 C:/ST/STM32CubeCLT_1.15.0/GNU-tools-for-STM32/bin/../lib/gcc/arm-none-eabi/12.3.1/thumb/v7e-m+fp/hard/crtbegin.o
                [!provide]                        PROVIDE (__fini_array_end = .)
                0x0800336c                        _sidata = LOADADDR (.data)

.data           0x20000000       0x5c load address 0x0800336c
                0x20000000                        . = ALIGN (0x4)
                0x20000000                        _sdata = .
 *(.data)
 *(.data*)
 .data._impure_ptr
                0x20000000        0x4 C:/ST/STM32CubeCLT_1.15.0/GNU-tools-for-STM32/bin/../lib/gcc/arm-none-eabi/12.3.1/../../../../arm-none-eabi/lib/thumb/v7e-m+fp/hard\libc_nano.a(libc_a-impure.o)
                0x20000000                _impure_ptr
 .data._impure_data
                0x20000004       0x4c C:/ST/STM32CubeCLT_1.15.0/GNU-tools-for-STM32/bin/../lib/gcc/arm-none-eabi/12.3.1/../../../../arm-none-eabi/lib/thumb/v7e-m+fp/hard\libc_nano.a(libc_a-impure.o)
                0x20000004                _impure_data
 .data.uwTickPrio
                0x20000050        0x4 CMakeFiles/ReadPot.dir/Drivers/STM32F4xx_HAL_Driver/Src/stm32f4xx_hal.c.obj
                0x20000050                uwTickPrio
 .data.uwTickFreq
                0x20000054        0x1 CMakeFiles/ReadPot.dir/Drivers/STM32F4xx_HAL_Driver/Src/stm32f4xx_hal.c.obj
                0x20000054                uwTickFreq
 *fill*         0x20000055        0x3 
 .data.SystemCoreClock
                0x20000058        0x4 CMakeFiles/ReadPot.dir/Core/Src/system_stm32f4xx.c.obj
                0x20000058                SystemCoreClock
                0x2000005c                        . = ALIGN (0x4)
                0x2000005c                        _edata = .

.igot.plt       0x2000005c        0x0 load address 0x080033c8
 .igot.plt      0x2000005c        0x0 C:/ST/STM32CubeCLT_1.15.0/GNU-tools-for-STM32/bin/../lib/gcc/arm-none-eabi/12.3.1/thumb/v7e-m+fp/hard/crtbegin.o
                0x2000005c                        . = ALIGN (0x4)

.bss            0x2000005c      0x1fc load address 0x080033c8
                0x2000005c                        _sbss = .
                0x2000005c                        __bss_start__ = _sbss
 *(.bss)
 .bss           0x2000005c       0x1c C:/ST/STM32CubeCLT_1.15.0/GNU-tools-for-STM32/bin/../lib/gcc/arm-none-eabi/12.3.1/thumb/v7e-m+fp/hard/crtbegin.o
 *(.bss*)
 .bss.__sf      0x20000078      0x138 C:/ST/STM32CubeCLT_1.15.0/GNU-tools-for-STM32/bin/../lib/gcc/arm-none-eabi/12.3.1/../../../../arm-none-eabi/lib/thumb/v7e-m+fp/hard\libc_nano.a(libc_a-findfp.o)
                0x20000078                __sf
 .bss.errno     0x200001b0        0x4 C:/ST/STM32CubeCLT_1.15.0/GNU-tools-for-STM32/bin/../lib/gcc/arm-none-eabi/12.3.1/../../../../arm-none-eabi/lib/thumb/v7e-m+fp/hard\libc_nano.a(libc_a-reent.o)
                0x200001b0                errno
 .bss.__lock___malloc_recursive_mutex
                0x200001b4        0x1 C:/ST/STM32CubeCLT_1.15.0/GNU-tools-for-STM32/bin/../lib/gcc/arm-none-eabi/12.3.1/../../../../arm-none-eabi/lib/thumb/v7e-m+fp/hard\libc_nano.a(libc_a-lock.o)
                0x200001b4                __lock___malloc_recursive_mutex
 *fill*         0x200001b5        0x3 
 .bss.__malloc_sbrk_start
                0x200001b8        0x4 C:/ST/STM32CubeCLT_1.15.0/GNU-tools-for-STM32/bin/../lib/gcc/arm-none-eabi/12.3.1/../../../../arm-none-eabi/lib/thumb/v7e-m+fp/hard\libc_nano.a(libc_a-mallocr.o)
                0x200001b8                __malloc_sbrk_start
 .bss.__malloc_free_list
                0x200001bc        0x4 C:/ST/STM32CubeCLT_1.15.0/GNU-tools-for-STM32/bin/../lib/gcc/arm-none-eabi/12.3.1/../../../../arm-none-eabi/lib/thumb/v7e-m+fp/hard\libc_nano.a(libc_a-mallocr.o)
                0x200001bc                __malloc_free_list
 .bss.hadc1     0x200001c0       0x48 CMakeFiles/ReadPot.dir/Core/Src/main.c.obj
                0x200001c0                hadc1
 .bss.huart2    0x20000208       0x48 CMakeFiles/ReadPot.dir/Core/Src/main.c.obj
                0x20000208                huart2
 .bss.uwTick    0x20000250        0x4 CMakeFiles/ReadPot.dir/Drivers/STM32F4xx_HAL_Driver/Src/stm32f4xx_hal.c.obj
                0x20000250                uwTick
 .bss.__sbrk_heap_end
                0x20000254        0x4 CMakeFiles/ReadPot.dir/Core/Src/sysmem.c.obj
 *(COMMON)
                0x20000258                        . = ALIGN (0x4)
                0x20000258                        _ebss = .
                0x20000258                        __bss_end__ = _ebss

._user_heap_stack
                0x20000258      0x600 load address 0x080033c8
                0x20000258                        . = ALIGN (0x8)
                [!provide]                        PROVIDE (end = .)
                0x20000258                        PROVIDE (_end = .)
                0x20000458                        . = (. + _Min_Heap_Size)
 *fill*         0x20000258      0x200 
                0x20000858                        . = (. + _Min_Stack_Size)
 *fill*         0x20000458      0x400 
                0x20000858                        . = ALIGN (0x8)

/DISCARD/
 libc.a(*)
 libm.a(*)
 libgcc.a(*)

.ARM.attributes
                0x00000000       0x30
 *(.ARM.attributes)
 .ARM.attributes
                0x00000000       0x22 C:/ST/STM32CubeCLT_1.15.0/GNU-tools-for-STM32/bin/../lib/gcc/arm-none-eabi/12.3.1/thumb/v7e-m+fp/hard/crti.o
 .ARM.attributes
                0x00000022       0x34 C:/ST/STM32CubeCLT_1.15.0/GNU-tools-for-STM32/bin/../lib/gcc/arm-none-eabi/12.3.1/thumb/v7e-m+fp/hard/crtbegin.o
 .ARM.attributes
                0x00000056       0x34 C:/ST/STM32CubeCLT_1.15.0/GNU-tools-for-STM32/bin/../lib/gcc/arm-none-eabi/12.3.1/../../../../arm-none-eabi/lib/thumb/v7e-m+fp/hard\libc_nano.a(libc_a-findfp.o)
 .ARM.attributes
                0x0000008a       0x34 C:/ST/STM32CubeCLT_1.15.0/GNU-tools-for-STM32/bin/../lib/gcc/arm-none-eabi/12.3.1/../../../../arm-none-eabi/lib/thumb/v7e-m+fp/hard\libc_nano.a(libc_a-memset.o)
 .ARM.attributes
                0x000000be       0x34 C:/ST/STM32CubeCLT_1.15.0/GNU-tools-for-STM32/bin/../lib/gcc/arm-none-eabi/12.3.1/../../../../arm-none-eabi/lib/thumb/v7e-m+fp/hard\libc_nano.a(libc_a-reent.o)
 .ARM.attributes
                0x000000f2       0x34 C:/ST/STM32CubeCLT_1.15.0/GNU-tools-for-STM32/bin/../lib/gcc/arm-none-eabi/12.3.1/../../../../arm-none-eabi/lib/thumb/v7e-m+fp/hard\libc_nano.a(libc_a-impure.o)
 .ARM.attributes
                0x00000126       0x34 C:/ST/STM32CubeCLT_1.15.0/GNU-tools-for-STM32/bin/../lib/gcc/arm-none-eabi/12.3.1/../../../../arm-none-eabi/lib/thumb/v7e-m+fp/hard\libc_nano.a(libc_a-init.o)
 .ARM.attributes
                0x0000015a       0x34 C:/ST/STM32CubeCLT_1.15.0/GNU-tools-for-STM32/bin/../lib/gcc/arm-none-eabi/12.3.1/../../../../arm-none-eabi/lib/thumb/v7e-m+fp/hard\libc_nano.a(libc_a-lock.o)
 .ARM.attributes
                0x0000018e       0x34 C:/ST/STM32CubeCLT_1.15.0/GNU-tools-for-STM32/bin/../lib/gcc/arm-none-eabi/12.3.1/../../../../arm-none-eabi/lib/thumb/v7e-m+fp/hard\libc_nano.a(libc_a-freer.o)
 .ARM.attributes
                0x000001c2       0x34 C:/ST/STM32CubeCLT_1.15.0/GNU-tools-for-STM32/bin/../lib/gcc/arm-none-eabi/12.3.1/../../../../arm-none-eabi/lib/thumb/v7e-m+fp/hard\libc_nano.a(libc_a-mallocr.o)
 .ARM.attributes
                0x000001f6       0x34 C:/ST/STM32CubeCLT_1.15.0/GNU-tools-for-STM32/bin/../lib/gcc/arm-none-eabi/12.3.1/../../../../arm-none-eabi/lib/thumb/v7e-m+fp/hard\libc_nano.a(libc_a-mlock.o)
 .ARM.attributes
                0x0000022a       0x34 C:/ST/STM32CubeCLT_1.15.0/GNU-tools-for-STM32/bin/../lib/gcc/arm-none-eabi/12.3.1/../../../../arm-none-eabi/lib/thumb/v7e-m+fp/hard\libc_nano.a(libc_a-sbrkr.o)
 .ARM.attributes
                0x0000025e       0x34 CMakeFiles/ReadPot.dir/Core/Src/main.c.obj
 .ARM.attributes
                0x00000292       0x34 CMakeFiles/ReadPot.dir/Core/Src/stm32f4xx_it.c.obj
 .ARM.attributes
                0x000002c6       0x34 CMakeFiles/ReadPot.dir/Core/Src/stm32f4xx_hal_msp.c.obj
 .ARM.attributes
                0x000002fa       0x34 CMakeFiles/ReadPot.dir/Drivers/STM32F4xx_HAL_Driver/Src/stm32f4xx_hal_adc.c.obj
 .ARM.attributes
                0x0000032e       0x34 CMakeFiles/ReadPot.dir/Drivers/STM32F4xx_HAL_Driver/Src/stm32f4xx_hal_rcc.c.obj
 .ARM.attributes
                0x00000362       0x34 CMakeFiles/ReadPot.dir/Drivers/STM32F4xx_HAL_Driver/Src/stm32f4xx_hal_gpio.c.obj
 .ARM.attributes
                0x00000396       0x34 CMakeFiles/ReadPot.dir/Drivers/STM32F4xx_HAL_Driver/Src/stm32f4xx_hal_cortex.c.obj
 .ARM.attributes
                0x000003ca       0x34 CMakeFiles/ReadPot.dir/Drivers/STM32F4xx_HAL_Driver/Src/stm32f4xx_hal.c.obj
 .ARM.attributes
                0x000003fe       0x34 CMakeFiles/ReadPot.dir/Drivers/STM32F4xx_HAL_Driver/Src/stm32f4xx_hal_uart.c.obj
 .ARM.attributes
                0x00000432       0x34 CMakeFiles/ReadPot.dir/Core/Src/system_stm32f4xx.c.obj
 .ARM.attributes
                0x00000466       0x34 CMakeFiles/ReadPot.dir/Core/Src/sysmem.c.obj
 .ARM.attributes
                0x0000049a       0x21 CMakeFiles/ReadPot.dir/startup_stm32f411xe.s.obj
 .ARM.attributes
                0x000004bb       0x22 C:/ST/STM32CubeCLT_1.15.0/GNU-tools-for-STM32/bin/../lib/gcc/arm-none-eabi/12.3.1/thumb/v7e-m+fp/hard\libgcc.a(_aeabi_uldivmod.o)
 .ARM.attributes
                0x000004dd       0x34 C:/ST/STM32CubeCLT_1.15.0/GNU-tools-for-STM32/bin/../lib/gcc/arm-none-eabi/12.3.1/thumb/v7e-m+fp/hard\libgcc.a(_udivmoddi4.o)
 .ARM.attributes
                0x00000511       0x22 C:/ST/STM32CubeCLT_1.15.0/GNU-tools-for-STM32/bin/../lib/gcc/arm-none-eabi/12.3.1/thumb/v7e-m+fp/hard\libgcc.a(_dvmd_tls.o)
 .ARM.attributes
                0x00000533       0x34 C:/ST/STM32CubeCLT_1.15.0/GNU-tools-for-STM32/bin/../lib/gcc/arm-none-eabi/12.3.1/../../../../arm-none-eabi/lib/thumb/v7e-m+fp/hard\libg_nano.a(libc_a-sprintf.o)
 .ARM.attributes
                0x00000567       0x34 C:/ST/STM32CubeCLT_1.15.0/GNU-tools-for-STM32/bin/../lib/gcc/arm-none-eabi/12.3.1/../../../../arm-none-eabi/lib/thumb/v7e-m+fp/hard\libg_nano.a(libc_a-strnlen.o)
 .ARM.attributes
                0x0000059b       0x34 C:/ST/STM32CubeCLT_1.15.0/GNU-tools-for-STM32/bin/../lib/gcc/arm-none-eabi/12.3.1/../../../../arm-none-eabi/lib/thumb/v7e-m+fp/hard\libg_nano.a(libc_a-errno.o)
 .ARM.attributes
                0x000005cf       0x34 C:/ST/STM32CubeCLT_1.15.0/GNU-tools-for-STM32/bin/../lib/gcc/arm-none-eabi/12.3.1/../../../../arm-none-eabi/lib/thumb/v7e-m+fp/hard\libg_nano.a(libc_a-nano-svfprintf.o)
 .ARM.attributes
                0x00000603       0x34 C:/ST/STM32CubeCLT_1.15.0/GNU-tools-for-STM32/bin/../lib/gcc/arm-none-eabi/12.3.1/../../../../arm-none-eabi/lib/thumb/v7e-m+fp/hard\libg_nano.a(libc_a-nano-vfprintf_i.o)
 .ARM.attributes
                0x00000637       0x34 C:/ST/STM32CubeCLT_1.15.0/GNU-tools-for-STM32/bin/../lib/gcc/arm-none-eabi/12.3.1/../../../../arm-none-eabi/lib/thumb/v7e-m+fp/hard\libg_nano.a(libc_a-memmove.o)
 .ARM.attributes
                0x0000066b       0x1c C:/ST/STM32CubeCLT_1.15.0/GNU-tools-for-STM32/bin/../lib/gcc/arm-none-eabi/12.3.1/../../../../arm-none-eabi/lib/thumb/v7e-m+fp/hard\libg_nano.a(libc_a-memchr.o)
 .ARM.attributes
                0x00000687       0x34 C:/ST/STM32CubeCLT_1.15.0/GNU-tools-for-STM32/bin/../lib/gcc/arm-none-eabi/12.3.1/../../../../arm-none-eabi/lib/thumb/v7e-m+fp/hard\libg_nano.a(libc_a-memcpy-stub.o)
 .ARM.attributes
                0x000006bb       0x34 C:/ST/STM32CubeCLT_1.15.0/GNU-tools-for-STM32/bin/../lib/gcc/arm-none-eabi/12.3.1/../../../../arm-none-eabi/lib/thumb/v7e-m+fp/hard\libg_nano.a(libc_a-reallocr.o)
 .ARM.attributes
                0x000006ef       0x34 C:/ST/STM32CubeCLT_1.15.0/GNU-tools-for-STM32/bin/../lib/gcc/arm-none-eabi/12.3.1/../../../../arm-none-eabi/lib/thumb/v7e-m+fp/hard\libg_nano.a(libc_a-msizer.o)
 .ARM.attributes
                0x00000723       0x22 C:/ST/STM32CubeCLT_1.15.0/GNU-tools-for-STM32/bin/../lib/gcc/arm-none-eabi/12.3.1/thumb/v7e-m+fp/hard/crtn.o
OUTPUT(ReadPot.elf elf32-littlearm)
LOAD linker stubs
LOAD C:/ST/STM32CubeCLT_1.15.0/GNU-tools-for-STM32/bin/../lib/gcc/arm-none-eabi/12.3.1/../../../../arm-none-eabi/lib/thumb/v7e-m+fp/hard\libc.a
LOAD C:/ST/STM32CubeCLT_1.15.0/GNU-tools-for-STM32/bin/../lib/gcc/arm-none-eabi/12.3.1/../../../../arm-none-eabi/lib/thumb/v7e-m+fp/hard\libm.a
LOAD C:/ST/STM32CubeCLT_1.15.0/GNU-tools-for-STM32/bin/../lib/gcc/arm-none-eabi/12.3.1/thumb/v7e-m+fp/hard\libgcc.a

.debug_frame    0x00000000     0x21ec
 .debug_frame   0x00000000      0x144 C:/ST/STM32CubeCLT_1.15.0/GNU-tools-for-STM32/bin/../lib/gcc/arm-none-eabi/12.3.1/../../../../arm-none-eabi/lib/thumb/v7e-m+fp/hard\libc_nano.a(libc_a-findfp.o)
 .debug_frame   0x00000144       0x20 C:/ST/STM32CubeCLT_1.15.0/GNU-tools-for-STM32/bin/../lib/gcc/arm-none-eabi/12.3.1/../../../../arm-none-eabi/lib/thumb/v7e-m+fp/hard\libc_nano.a(libc_a-memset.o)
 .debug_frame   0x00000164       0x38 C:/ST/STM32CubeCLT_1.15.0/GNU-tools-for-STM32/bin/../lib/gcc/arm-none-eabi/12.3.1/../../../../arm-none-eabi/lib/thumb/v7e-m+fp/hard\libc_nano.a(libc_a-reent.o)
 .debug_frame   0x0000019c       0x2c C:/ST/STM32CubeCLT_1.15.0/GNU-tools-for-STM32/bin/../lib/gcc/arm-none-eabi/12.3.1/../../../../arm-none-eabi/lib/thumb/v7e-m+fp/hard\libc_nano.a(libc_a-init.o)
 .debug_frame   0x000001c8       0xb0 C:/ST/STM32CubeCLT_1.15.0/GNU-tools-for-STM32/bin/../lib/gcc/arm-none-eabi/12.3.1/../../../../arm-none-eabi/lib/thumb/v7e-m+fp/hard\libc_nano.a(libc_a-lock.o)
 .debug_frame   0x00000278       0x38 C:/ST/STM32CubeCLT_1.15.0/GNU-tools-for-STM32/bin/../lib/gcc/arm-none-eabi/12.3.1/../../../../arm-none-eabi/lib/thumb/v7e-m+fp/hard\libc_nano.a(libc_a-freer.o)
 .debug_frame   0x000002b0       0x50 C:/ST/STM32CubeCLT_1.15.0/GNU-tools-for-STM32/bin/../lib/gcc/arm-none-eabi/12.3.1/../../../../arm-none-eabi/lib/thumb/v7e-m+fp/hard\libc_nano.a(libc_a-mallocr.o)
 .debug_frame   0x00000300       0x30 C:/ST/STM32CubeCLT_1.15.0/GNU-tools-for-STM32/bin/../lib/gcc/arm-none-eabi/12.3.1/../../../../arm-none-eabi/lib/thumb/v7e-m+fp/hard\libc_nano.a(libc_a-mlock.o)
 .debug_frame   0x00000330       0x2c C:/ST/STM32CubeCLT_1.15.0/GNU-tools-for-STM32/bin/../lib/gcc/arm-none-eabi/12.3.1/../../../../arm-none-eabi/lib/thumb/v7e-m+fp/hard\libc_nano.a(libc_a-sbrkr.o)
 .debug_frame   0x0000035c       0xd0 CMakeFiles/ReadPot.dir/Core/Src/main.c.obj
 .debug_frame   0x0000042c      0x104 CMakeFiles/ReadPot.dir/Core/Src/stm32f4xx_it.c.obj
 .debug_frame   0x00000530       0xc4 CMakeFiles/ReadPot.dir/Core/Src/stm32f4xx_hal_msp.c.obj
 .debug_frame   0x000005f4      0x3fc CMakeFiles/ReadPot.dir/Drivers/STM32F4xx_HAL_Driver/Src/stm32f4xx_hal_adc.c.obj
 .debug_frame   0x000009f0      0x1f4 CMakeFiles/ReadPot.dir/Drivers/STM32F4xx_HAL_Driver/Src/stm32f4xx_hal_rcc.c.obj
 .debug_frame   0x00000be4      0x14c CMakeFiles/ReadPot.dir/Drivers/STM32F4xx_HAL_Driver/Src/stm32f4xx_hal_gpio.c.obj
 .debug_frame   0x00000d30      0x4b8 CMakeFiles/ReadPot.dir/Drivers/STM32F4xx_HAL_Driver/Src/stm32f4xx_hal_cortex.c.obj
 .debug_frame   0x000011e8      0x374 CMakeFiles/ReadPot.dir/Drivers/STM32F4xx_HAL_Driver/Src/stm32f4xx_hal.c.obj
 .debug_frame   0x0000155c      0x954 CMakeFiles/ReadPot.dir/Drivers/STM32F4xx_HAL_Driver/Src/stm32f4xx_hal_uart.c.obj
 .debug_frame   0x00001eb0       0x58 CMakeFiles/ReadPot.dir/Core/Src/system_stm32f4xx.c.obj
 .debug_frame   0x00001f08       0x34 CMakeFiles/ReadPot.dir/Core/Src/sysmem.c.obj
 .debug_frame   0x00001f3c       0x2c C:/ST/STM32CubeCLT_1.15.0/GNU-tools-for-STM32/bin/../lib/gcc/arm-none-eabi/12.3.1/thumb/v7e-m+fp/hard\libgcc.a(_aeabi_uldivmod.o)
 .debug_frame   0x00001f68       0x34 C:/ST/STM32CubeCLT_1.15.0/GNU-tools-for-STM32/bin/../lib/gcc/arm-none-eabi/12.3.1/thumb/v7e-m+fp/hard\libgcc.a(_udivmoddi4.o)
 .debug_frame   0x00001f9c       0x6c C:/ST/STM32CubeCLT_1.15.0/GNU-tools-for-STM32/bin/../lib/gcc/arm-none-eabi/12.3.1/../../../../arm-none-eabi/lib/thumb/v7e-m+fp/hard\libg_nano.a(libc_a-sprintf.o)
 .debug_frame   0x00002008       0x28 C:/ST/STM32CubeCLT_1.15.0/GNU-tools-for-STM32/bin/../lib/gcc/arm-none-eabi/12.3.1/../../../../arm-none-eabi/lib/thumb/v7e-m+fp/hard\libg_nano.a(libc_a-strnlen.o)
 .debug_frame   0x00002030       0x20 C:/ST/STM32CubeCLT_1.15.0/GNU-tools-for-STM32/bin/../lib/gcc/arm-none-eabi/12.3.1/../../../../arm-none-eabi/lib/thumb/v7e-m+fp/hard\libg_nano.a(libc_a-errno.o)
 .debug_frame   0x00002050       0x90 C:/ST/STM32CubeCLT_1.15.0/GNU-tools-for-STM32/bin/../lib/gcc/arm-none-eabi/12.3.1/../../../../arm-none-eabi/lib/thumb/v7e-m+fp/hard\libg_nano.a(libc_a-nano-svfprintf.o)
 .debug_frame   0x000020e0       0x60 C:/ST/STM32CubeCLT_1.15.0/GNU-tools-for-STM32/bin/../lib/gcc/arm-none-eabi/12.3.1/../../../../arm-none-eabi/lib/thumb/v7e-m+fp/hard\libg_nano.a(libc_a-nano-vfprintf_i.o)
 .debug_frame   0x00002140       0x28 C:/ST/STM32CubeCLT_1.15.0/GNU-tools-for-STM32/bin/../lib/gcc/arm-none-eabi/12.3.1/../../../../arm-none-eabi/lib/thumb/v7e-m+fp/hard\libg_nano.a(libc_a-memmove.o)
 .debug_frame   0x00002168       0x28 C:/ST/STM32CubeCLT_1.15.0/GNU-tools-for-STM32/bin/../lib/gcc/arm-none-eabi/12.3.1/../../../../arm-none-eabi/lib/thumb/v7e-m+fp/hard\libg_nano.a(libc_a-memcpy-stub.o)
 .debug_frame   0x00002190       0x3c C:/ST/STM32CubeCLT_1.15.0/GNU-tools-for-STM32/bin/../lib/gcc/arm-none-eabi/12.3.1/../../../../arm-none-eabi/lib/thumb/v7e-m+fp/hard\libg_nano.a(libc_a-reallocr.o)
 .debug_frame   0x000021cc       0x20 C:/ST/STM32CubeCLT_1.15.0/GNU-tools-for-STM32/bin/../lib/gcc/arm-none-eabi/12.3.1/../../../../arm-none-eabi/lib/thumb/v7e-m+fp/hard\libg_nano.a(libc_a-msizer.o)

.debug_info     0x00000000     0xc6f9
 .debug_info    0x00000000      0xfa5 CMakeFiles/ReadPot.dir/Core/Src/main.c.obj
 .debug_info    0x00000fa5      0x112 CMakeFiles/ReadPot.dir/Core/Src/stm32f4xx_it.c.obj
 .debug_info    0x000010b7      0xc1b CMakeFiles/ReadPot.dir/Core/Src/stm32f4xx_hal_msp.c.obj
 .debug_info    0x00001cd2      0xcd1 CMakeFiles/ReadPot.dir/Drivers/STM32F4xx_HAL_Driver/Src/stm32f4xx_hal_adc.c.obj
 .debug_info    0x000029a3      0x8f2 CMakeFiles/ReadPot.dir/Drivers/STM32F4xx_HAL_Driver/Src/stm32f4xx_hal_rcc.c.obj
 .debug_info    0x00003295      0x6f9 CMakeFiles/ReadPot.dir/Drivers/STM32F4xx_HAL_Driver/Src/stm32f4xx_hal_gpio.c.obj
 .debug_info    0x0000398e      0xcc7 CMakeFiles/ReadPot.dir/Drivers/STM32F4xx_HAL_Driver/Src/stm32f4xx_hal_cortex.c.obj
 .debug_info    0x00004655      0x8c4 CMakeFiles/ReadPot.dir/Drivers/STM32F4xx_HAL_Driver/Src/stm32f4xx_hal.c.obj
 .debug_info    0x00004f19     0x2f56 CMakeFiles/ReadPot.dir/Drivers/STM32F4xx_HAL_Driver/Src/stm32f4xx_hal_uart.c.obj
 .debug_info    0x00007e6f      0x53e CMakeFiles/ReadPot.dir/Core/Src/system_stm32f4xx.c.obj
 .debug_info    0x000083ad      0x168 CMakeFiles/ReadPot.dir/Core/Src/sysmem.c.obj
 .debug_info    0x00008515       0x30 CMakeFiles/ReadPot.dir/startup_stm32f411xe.s.obj
 .debug_info    0x00008545      0x87f C:/ST/STM32CubeCLT_1.15.0/GNU-tools-for-STM32/bin/../lib/gcc/arm-none-eabi/12.3.1/../../../../arm-none-eabi/lib/thumb/v7e-m+fp/hard\libg_nano.a(libc_a-sprintf.o)
 .debug_info    0x00008dc4       0xe1 C:/ST/STM32CubeCLT_1.15.0/GNU-tools-for-STM32/bin/../lib/gcc/arm-none-eabi/12.3.1/../../../../arm-none-eabi/lib/thumb/v7e-m+fp/hard\libg_nano.a(libc_a-strnlen.o)
 .debug_info    0x00008ea5      0x6fb C:/ST/STM32CubeCLT_1.15.0/GNU-tools-for-STM32/bin/../lib/gcc/arm-none-eabi/12.3.1/../../../../arm-none-eabi/lib/thumb/v7e-m+fp/hard\libg_nano.a(libc_a-errno.o)
 .debug_info    0x000095a0     0x10c7 C:/ST/STM32CubeCLT_1.15.0/GNU-tools-for-STM32/bin/../lib/gcc/arm-none-eabi/12.3.1/../../../../arm-none-eabi/lib/thumb/v7e-m+fp/hard\libg_nano.a(libc_a-nano-svfprintf.o)
 .debug_info    0x0000a667      0xde2 C:/ST/STM32CubeCLT_1.15.0/GNU-tools-for-STM32/bin/../lib/gcc/arm-none-eabi/12.3.1/../../../../arm-none-eabi/lib/thumb/v7e-m+fp/hard\libg_nano.a(libc_a-nano-vfprintf_i.o)
 .debug_info    0x0000b449      0x10f C:/ST/STM32CubeCLT_1.15.0/GNU-tools-for-STM32/bin/../lib/gcc/arm-none-eabi/12.3.1/../../../../arm-none-eabi/lib/thumb/v7e-m+fp/hard\libg_nano.a(libc_a-memmove.o)
 .debug_info    0x0000b558       0x25 C:/ST/STM32CubeCLT_1.15.0/GNU-tools-for-STM32/bin/../lib/gcc/arm-none-eabi/12.3.1/../../../../arm-none-eabi/lib/thumb/v7e-m+fp/hard\libg_nano.a(libc_a-memchr.o)
 .debug_info    0x0000b57d      0x121 C:/ST/STM32CubeCLT_1.15.0/GNU-tools-for-STM32/bin/../lib/gcc/arm-none-eabi/12.3.1/../../../../arm-none-eabi/lib/thumb/v7e-m+fp/hard\libg_nano.a(libc_a-memcpy-stub.o)
 .debug_info    0x0000b69e      0x8c7 C:/ST/STM32CubeCLT_1.15.0/GNU-tools-for-STM32/bin/../lib/gcc/arm-none-eabi/12.3.1/../../../../arm-none-eabi/lib/thumb/v7e-m+fp/hard\libg_nano.a(libc_a-reallocr.o)
 .debug_info    0x0000bf65      0x794 C:/ST/STM32CubeCLT_1.15.0/GNU-tools-for-STM32/bin/../lib/gcc/arm-none-eabi/12.3.1/../../../../arm-none-eabi/lib/thumb/v7e-m+fp/hard\libg_nano.a(libc_a-msizer.o)

.debug_abbrev   0x00000000     0x24d3
 .debug_abbrev  0x00000000      0x2a0 CMakeFiles/ReadPot.dir/Core/Src/main.c.obj
 .debug_abbrev  0x000002a0       0x73 CMakeFiles/ReadPot.dir/Core/Src/stm32f4xx_it.c.obj
 .debug_abbrev  0x00000313      0x1c1 CMakeFiles/ReadPot.dir/Core/Src/stm32f4xx_hal_msp.c.obj
 .debug_abbrev  0x000004d4      0x20e CMakeFiles/ReadPot.dir/Drivers/STM32F4xx_HAL_Driver/Src/stm32f4xx_hal_adc.c.obj
 .debug_abbrev  0x000006e2      0x2b5 CMakeFiles/ReadPot.dir/Drivers/STM32F4xx_HAL_Driver/Src/stm32f4xx_hal_rcc.c.obj
 .debug_abbrev  0x00000997      0x1d3 CMakeFiles/ReadPot.dir/Drivers/STM32F4xx_HAL_Driver/Src/stm32f4xx_hal_gpio.c.obj
 .debug_abbrev  0x00000b6a      0x328 CMakeFiles/ReadPot.dir/Drivers/STM32F4xx_HAL_Driver/Src/stm32f4xx_hal_cortex.c.obj
 .debug_abbrev  0x00000e92      0x24b CMakeFiles/ReadPot.dir/Drivers/STM32F4xx_HAL_Driver/Src/stm32f4xx_hal.c.obj
 .debug_abbrev  0x000010dd      0x31b CMakeFiles/ReadPot.dir/Drivers/STM32F4xx_HAL_Driver/Src/stm32f4xx_hal_uart.c.obj
 .debug_abbrev  0x000013f8      0x11a CMakeFiles/ReadPot.dir/Core/Src/system_stm32f4xx.c.obj
 .debug_abbrev  0x00001512       0xbc CMakeFiles/ReadPot.dir/Core/Src/sysmem.c.obj
 .debug_abbrev  0x000015ce       0x24 CMakeFiles/ReadPot.dir/startup_stm32f411xe.s.obj
 .debug_abbrev  0x000015f2      0x21c C:/ST/STM32CubeCLT_1.15.0/GNU-tools-for-STM32/bin/../lib/gcc/arm-none-eabi/12.3.1/../../../../arm-none-eabi/lib/thumb/v7e-m+fp/hard\libg_nano.a(libc_a-sprintf.o)
 .debug_abbrev  0x0000180e       0x8d C:/ST/STM32CubeCLT_1.15.0/GNU-tools-for-STM32/bin/../lib/gcc/arm-none-eabi/12.3.1/../../../../arm-none-eabi/lib/thumb/v7e-m+fp/hard\libg_nano.a(libc_a-strnlen.o)
 .debug_abbrev  0x0000189b      0x15e C:/ST/STM32CubeCLT_1.15.0/GNU-tools-for-STM32/bin/../lib/gcc/arm-none-eabi/12.3.1/../../../../arm-none-eabi/lib/thumb/v7e-m+fp/hard\libg_nano.a(libc_a-errno.o)
 .debug_abbrev  0x000019f9      0x31e C:/ST/STM32CubeCLT_1.15.0/GNU-tools-for-STM32/bin/../lib/gcc/arm-none-eabi/12.3.1/../../../../arm-none-eabi/lib/thumb/v7e-m+fp/hard\libg_nano.a(libc_a-nano-svfprintf.o)
 .debug_abbrev  0x00001d17      0x28e C:/ST/STM32CubeCLT_1.15.0/GNU-tools-for-STM32/bin/../lib/gcc/arm-none-eabi/12.3.1/../../../../arm-none-eabi/lib/thumb/v7e-m+fp/hard\libg_nano.a(libc_a-nano-vfprintf_i.o)
 .debug_abbrev  0x00001fa5       0xac C:/ST/STM32CubeCLT_1.15.0/GNU-tools-for-STM32/bin/../lib/gcc/arm-none-eabi/12.3.1/../../../../arm-none-eabi/lib/thumb/v7e-m+fp/hard\libg_nano.a(libc_a-memmove.o)
 .debug_abbrev  0x00002051       0x14 C:/ST/STM32CubeCLT_1.15.0/GNU-tools-for-STM32/bin/../lib/gcc/arm-none-eabi/12.3.1/../../../../arm-none-eabi/lib/thumb/v7e-m+fp/hard\libg_nano.a(libc_a-memchr.o)
 .debug_abbrev  0x00002065       0xc1 C:/ST/STM32CubeCLT_1.15.0/GNU-tools-for-STM32/bin/../lib/gcc/arm-none-eabi/12.3.1/../../../../arm-none-eabi/lib/thumb/v7e-m+fp/hard\libg_nano.a(libc_a-memcpy-stub.o)
 .debug_abbrev  0x00002126      0x217 C:/ST/STM32CubeCLT_1.15.0/GNU-tools-for-STM32/bin/../lib/gcc/arm-none-eabi/12.3.1/../../../../arm-none-eabi/lib/thumb/v7e-m+fp/hard\libg_nano.a(libc_a-reallocr.o)
 .debug_abbrev  0x0000233d      0x196 C:/ST/STM32CubeCLT_1.15.0/GNU-tools-for-STM32/bin/../lib/gcc/arm-none-eabi/12.3.1/../../../../arm-none-eabi/lib/thumb/v7e-m+fp/hard\libg_nano.a(libc_a-msizer.o)

.debug_aranges  0x00000000      0x898
 .debug_aranges
                0x00000000       0x48 CMakeFiles/ReadPot.dir/Core/Src/main.c.obj
 .debug_aranges
                0x00000048       0x60 CMakeFiles/ReadPot.dir/Core/Src/stm32f4xx_it.c.obj
 .debug_aranges
                0x000000a8       0x40 CMakeFiles/ReadPot.dir/Core/Src/stm32f4xx_hal_msp.c.obj
 .debug_aranges
                0x000000e8       0xe8 CMakeFiles/ReadPot.dir/Drivers/STM32F4xx_HAL_Driver/Src/stm32f4xx_hal_adc.c.obj
 .debug_aranges
                0x000001d0       0x88 CMakeFiles/ReadPot.dir/Drivers/STM32F4xx_HAL_Driver/Src/stm32f4xx_hal_rcc.c.obj
 .debug_aranges
                0x00000258       0x58 CMakeFiles/ReadPot.dir/Drivers/STM32F4xx_HAL_Driver/Src/stm32f4xx_hal_gpio.c.obj
 .debug_aranges
                0x000002b0      0x120 CMakeFiles/ReadPot.dir/Drivers/STM32F4xx_HAL_Driver/Src/stm32f4xx_hal_cortex.c.obj
 .debug_aranges
                0x000003d0       0xf0 CMakeFiles/ReadPot.dir/Drivers/STM32F4xx_HAL_Driver/Src/stm32f4xx_hal.c.obj
 .debug_aranges
                0x000004c0      0x208 CMakeFiles/ReadPot.dir/Drivers/STM32F4xx_HAL_Driver/Src/stm32f4xx_hal_uart.c.obj
 .debug_aranges
                0x000006c8       0x28 CMakeFiles/ReadPot.dir/Core/Src/system_stm32f4xx.c.obj
 .debug_aranges
                0x000006f0       0x20 CMakeFiles/ReadPot.dir/Core/Src/sysmem.c.obj
 .debug_aranges
                0x00000710       0x28 CMakeFiles/ReadPot.dir/startup_stm32f411xe.s.obj
 .debug_aranges
                0x00000738       0x28 C:/ST/STM32CubeCLT_1.15.0/GNU-tools-for-STM32/bin/../lib/gcc/arm-none-eabi/12.3.1/../../../../arm-none-eabi/lib/thumb/v7e-m+fp/hard\libg_nano.a(libc_a-sprintf.o)
 .debug_aranges
                0x00000760       0x20 C:/ST/STM32CubeCLT_1.15.0/GNU-tools-for-STM32/bin/../lib/gcc/arm-none-eabi/12.3.1/../../../../arm-none-eabi/lib/thumb/v7e-m+fp/hard\libg_nano.a(libc_a-strnlen.o)
 .debug_aranges
                0x00000780       0x20 C:/ST/STM32CubeCLT_1.15.0/GNU-tools-for-STM32/bin/../lib/gcc/arm-none-eabi/12.3.1/../../../../arm-none-eabi/lib/thumb/v7e-m+fp/hard\libg_nano.a(libc_a-errno.o)
 .debug_aranges
                0x000007a0       0x30 C:/ST/STM32CubeCLT_1.15.0/GNU-tools-for-STM32/bin/../lib/gcc/arm-none-eabi/12.3.1/../../../../arm-none-eabi/lib/thumb/v7e-m+fp/hard\libg_nano.a(libc_a-nano-svfprintf.o)
 .debug_aranges
                0x000007d0       0x28 C:/ST/STM32CubeCLT_1.15.0/GNU-tools-for-STM32/bin/../lib/gcc/arm-none-eabi/12.3.1/../../../../arm-none-eabi/lib/thumb/v7e-m+fp/hard\libg_nano.a(libc_a-nano-vfprintf_i.o)
 .debug_aranges
                0x000007f8       0x20 C:/ST/STM32CubeCLT_1.15.0/GNU-tools-for-STM32/bin/../lib/gcc/arm-none-eabi/12.3.1/../../../../arm-none-eabi/lib/thumb/v7e-m+fp/hard\libg_nano.a(libc_a-memmove.o)
 .debug_aranges
                0x00000818       0x20 C:/ST/STM32CubeCLT_1.15.0/GNU-tools-for-STM32/bin/../lib/gcc/arm-none-eabi/12.3.1/../../../../arm-none-eabi/lib/thumb/v7e-m+fp/hard\libg_nano.a(libc_a-memchr.o)
 .debug_aranges
                0x00000838       0x20 C:/ST/STM32CubeCLT_1.15.0/GNU-tools-for-STM32/bin/../lib/gcc/arm-none-eabi/12.3.1/../../../../arm-none-eabi/lib/thumb/v7e-m+fp/hard\libg_nano.a(libc_a-memcpy-stub.o)
 .debug_aranges
                0x00000858       0x20 C:/ST/STM32CubeCLT_1.15.0/GNU-tools-for-STM32/bin/../lib/gcc/arm-none-eabi/12.3.1/../../../../arm-none-eabi/lib/thumb/v7e-m+fp/hard\libg_nano.a(libc_a-reallocr.o)
 .debug_aranges
                0x00000878       0x20 C:/ST/STM32CubeCLT_1.15.0/GNU-tools-for-STM32/bin/../lib/gcc/arm-none-eabi/12.3.1/../../../../arm-none-eabi/lib/thumb/v7e-m+fp/hard\libg_nano.a(libc_a-msizer.o)

.debug_rnglists
                0x00000000      0x6b8
 .debug_rnglists
                0x00000000       0x34 CMakeFiles/ReadPot.dir/Core/Src/main.c.obj
 .debug_rnglists
                0x00000034       0x43 CMakeFiles/ReadPot.dir/Core/Src/stm32f4xx_it.c.obj
 .debug_rnglists
                0x00000077       0x2d CMakeFiles/ReadPot.dir/Core/Src/stm32f4xx_hal_msp.c.obj
 .debug_rnglists
                0x000000a4       0xb5 CMakeFiles/ReadPot.dir/Drivers/STM32F4xx_HAL_Driver/Src/stm32f4xx_hal_adc.c.obj
 .debug_rnglists
                0x00000159       0x66 CMakeFiles/ReadPot.dir/Drivers/STM32F4xx_HAL_Driver/Src/stm32f4xx_hal_rcc.c.obj
 .debug_rnglists
                0x000001bf       0x3f CMakeFiles/ReadPot.dir/Drivers/STM32F4xx_HAL_Driver/Src/stm32f4xx_hal_gpio.c.obj
 .debug_rnglists
                0x000001fe       0xd4 CMakeFiles/ReadPot.dir/Drivers/STM32F4xx_HAL_Driver/Src/stm32f4xx_hal_cortex.c.obj
 .debug_rnglists
                0x000002d2       0xaf CMakeFiles/ReadPot.dir/Drivers/STM32F4xx_HAL_Driver/Src/stm32f4xx_hal.c.obj
 .debug_rnglists
                0x00000381      0x1bc CMakeFiles/ReadPot.dir/Drivers/STM32F4xx_HAL_Driver/Src/stm32f4xx_hal_uart.c.obj
 .debug_rnglists
                0x0000053d       0x1a CMakeFiles/ReadPot.dir/Core/Src/system_stm32f4xx.c.obj
 .debug_rnglists
                0x00000557       0x13 CMakeFiles/ReadPot.dir/Core/Src/sysmem.c.obj
 .debug_rnglists
                0x0000056a       0x19 CMakeFiles/ReadPot.dir/startup_stm32f411xe.s.obj
 .debug_rnglists
                0x00000583       0x19 C:/ST/STM32CubeCLT_1.15.0/GNU-tools-for-STM32/bin/../lib/gcc/arm-none-eabi/12.3.1/../../../../arm-none-eabi/lib/thumb/v7e-m+fp/hard\libg_nano.a(libc_a-sprintf.o)
 .debug_rnglists
                0x0000059c       0x13 C:/ST/STM32CubeCLT_1.15.0/GNU-tools-for-STM32/bin/../lib/gcc/arm-none-eabi/12.3.1/../../../../arm-none-eabi/lib/thumb/v7e-m+fp/hard\libg_nano.a(libc_a-strnlen.o)
 .debug_rnglists
                0x000005af       0x13 C:/ST/STM32CubeCLT_1.15.0/GNU-tools-for-STM32/bin/../lib/gcc/arm-none-eabi/12.3.1/../../../../arm-none-eabi/lib/thumb/v7e-m+fp/hard\libg_nano.a(libc_a-errno.o)
 .debug_rnglists
                0x000005c2       0x44 C:/ST/STM32CubeCLT_1.15.0/GNU-tools-for-STM32/bin/../lib/gcc/arm-none-eabi/12.3.1/../../../../arm-none-eabi/lib/thumb/v7e-m+fp/hard\libg_nano.a(libc_a-nano-svfprintf.o)
 .debug_rnglists
                0x00000606       0x66 C:/ST/STM32CubeCLT_1.15.0/GNU-tools-for-STM32/bin/../lib/gcc/arm-none-eabi/12.3.1/../../../../arm-none-eabi/lib/thumb/v7e-m+fp/hard\libg_nano.a(libc_a-nano-vfprintf_i.o)
 .debug_rnglists
                0x0000066c       0x13 C:/ST/STM32CubeCLT_1.15.0/GNU-tools-for-STM32/bin/../lib/gcc/arm-none-eabi/12.3.1/../../../../arm-none-eabi/lib/thumb/v7e-m+fp/hard\libg_nano.a(libc_a-memmove.o)
 .debug_rnglists
                0x0000067f       0x13 C:/ST/STM32CubeCLT_1.15.0/GNU-tools-for-STM32/bin/../lib/gcc/arm-none-eabi/12.3.1/../../../../arm-none-eabi/lib/thumb/v7e-m+fp/hard\libg_nano.a(libc_a-memcpy-stub.o)
 .debug_rnglists
                0x00000692       0x13 C:/ST/STM32CubeCLT_1.15.0/GNU-tools-for-STM32/bin/../lib/gcc/arm-none-eabi/12.3.1/../../../../arm-none-eabi/lib/thumb/v7e-m+fp/hard\libg_nano.a(libc_a-reallocr.o)
 .debug_rnglists
                0x000006a5       0x13 C:/ST/STM32CubeCLT_1.15.0/GNU-tools-for-STM32/bin/../lib/gcc/arm-none-eabi/12.3.1/../../../../arm-none-eabi/lib/thumb/v7e-m+fp/hard\libg_nano.a(libc_a-msizer.o)

.debug_macro    0x00000000    0x16a98
 .debug_macro   0x00000000      0x2e4 CMakeFiles/ReadPot.dir/Core/Src/main.c.obj
 .debug_macro   0x000002e4      0xab4 CMakeFiles/ReadPot.dir/Core/Src/main.c.obj
 .debug_macro   0x00000d98      0x29b CMakeFiles/ReadPot.dir/Core/Src/main.c.obj
 .debug_macro   0x00001033       0x2e CMakeFiles/ReadPot.dir/Core/Src/main.c.obj
 .debug_macro   0x00001061       0x28 CMakeFiles/ReadPot.dir/Core/Src/main.c.obj
 .debug_macro   0x00001089       0x22 CMakeFiles/ReadPot.dir/Core/Src/main.c.obj
 .debug_macro   0x000010ab       0x8e CMakeFiles/ReadPot.dir/Core/Src/main.c.obj
 .debug_macro   0x00001139       0x51 CMakeFiles/ReadPot.dir/Core/Src/main.c.obj
 .debug_macro   0x0000118a      0x103 CMakeFiles/ReadPot.dir/Core/Src/main.c.obj
 .debug_macro   0x0000128d       0x6a CMakeFiles/ReadPot.dir/Core/Src/main.c.obj
 .debug_macro   0x000012f7      0x1df CMakeFiles/ReadPot.dir/Core/Src/main.c.obj
 .debug_macro   0x000014d6       0x1c CMakeFiles/ReadPot.dir/Core/Src/main.c.obj
 .debug_macro   0x000014f2       0x22 CMakeFiles/ReadPot.dir/Core/Src/main.c.obj
 .debug_macro   0x00001514       0xfb CMakeFiles/ReadPot.dir/Core/Src/main.c.obj
 .debug_macro   0x0000160f     0x1011 CMakeFiles/ReadPot.dir/Core/Src/main.c.obj
 .debug_macro   0x00002620      0x11f CMakeFiles/ReadPot.dir/Core/Src/main.c.obj
 .debug_macro   0x0000273f     0xb953 CMakeFiles/ReadPot.dir/Core/Src/main.c.obj
 .debug_macro   0x0000e092       0x6d CMakeFiles/ReadPot.dir/Core/Src/main.c.obj
 .debug_macro   0x0000e0ff     0x368c CMakeFiles/ReadPot.dir/Core/Src/main.c.obj
 .debug_macro   0x0001178b      0x189 CMakeFiles/ReadPot.dir/Core/Src/main.c.obj
 .debug_macro   0x00011914       0x5c CMakeFiles/ReadPot.dir/Core/Src/main.c.obj
 .debug_macro   0x00011970      0x45c CMakeFiles/ReadPot.dir/Core/Src/main.c.obj
 .debug_macro   0x00011dcc      0x9e9 CMakeFiles/ReadPot.dir/Core/Src/main.c.obj
 .debug_macro   0x000127b5      0x115 CMakeFiles/ReadPot.dir/Core/Src/main.c.obj
 .debug_macro   0x000128ca      0x11b CMakeFiles/ReadPot.dir/Core/Src/main.c.obj
 .debug_macro   0x000129e5       0xa5 CMakeFiles/ReadPot.dir/Core/Src/main.c.obj
 .debug_macro   0x00012a8a      0x15f CMakeFiles/ReadPot.dir/Core/Src/main.c.obj
 .debug_macro   0x00012be9      0x287 CMakeFiles/ReadPot.dir/Core/Src/main.c.obj
 .debug_macro   0x00012e70       0x5f CMakeFiles/ReadPot.dir/Core/Src/main.c.obj
 .debug_macro   0x00012ecf      0x236 CMakeFiles/ReadPot.dir/Core/Src/main.c.obj
 .debug_macro   0x00013105      0x9e1 CMakeFiles/ReadPot.dir/Core/Src/main.c.obj
 .debug_macro   0x00013ae6      0x38b CMakeFiles/ReadPot.dir/Core/Src/main.c.obj
 .debug_macro   0x00013e71      0x17d CMakeFiles/ReadPot.dir/Core/Src/main.c.obj
 .debug_macro   0x00013fee       0xf9 CMakeFiles/ReadPot.dir/Core/Src/main.c.obj
 .debug_macro   0x000140e7      0x132 CMakeFiles/ReadPot.dir/Core/Src/main.c.obj
 .debug_macro   0x00014219      0x264 CMakeFiles/ReadPot.dir/Core/Src/main.c.obj
 .debug_macro   0x0001447d       0x2e CMakeFiles/ReadPot.dir/Core/Src/main.c.obj
 .debug_macro   0x000144ab      0x127 CMakeFiles/ReadPot.dir/Core/Src/main.c.obj
 .debug_macro   0x000145d2       0x85 CMakeFiles/ReadPot.dir/Core/Src/main.c.obj
 .debug_macro   0x00014657       0x89 CMakeFiles/ReadPot.dir/Core/Src/main.c.obj
 .debug_macro   0x000146e0      0x2aa CMakeFiles/ReadPot.dir/Core/Src/main.c.obj
 .debug_macro   0x0001498a      0x126 CMakeFiles/ReadPot.dir/Core/Src/main.c.obj
 .debug_macro   0x00014ab0       0x34 CMakeFiles/ReadPot.dir/Core/Src/main.c.obj
 .debug_macro   0x00014ae4       0x74 CMakeFiles/ReadPot.dir/Core/Src/main.c.obj
 .debug_macro   0x00014b58       0x2a CMakeFiles/ReadPot.dir/Core/Src/main.c.obj
 .debug_macro   0x00014b82       0x3c CMakeFiles/ReadPot.dir/Core/Src/main.c.obj
 .debug_macro   0x00014bbe       0x34 CMakeFiles/ReadPot.dir/Core/Src/main.c.obj
 .debug_macro   0x00014bf2       0x16 CMakeFiles/ReadPot.dir/Core/Src/main.c.obj
 .debug_macro   0x00014c08       0x43 CMakeFiles/ReadPot.dir/Core/Src/main.c.obj
 .debug_macro   0x00014c4b       0x34 CMakeFiles/ReadPot.dir/Core/Src/main.c.obj
 .debug_macro   0x00014c7f       0x10 CMakeFiles/ReadPot.dir/Core/Src/main.c.obj
 .debug_macro   0x00014c8f       0x58 CMakeFiles/ReadPot.dir/Core/Src/main.c.obj
 .debug_macro   0x00014ce7      0x1de CMakeFiles/ReadPot.dir/Core/Src/main.c.obj
 .debug_macro   0x00014ec5      0x369 CMakeFiles/ReadPot.dir/Core/Src/main.c.obj
 .debug_macro   0x0001522e       0x10 CMakeFiles/ReadPot.dir/Core/Src/main.c.obj
 .debug_macro   0x0001523e       0x35 CMakeFiles/ReadPot.dir/Core/Src/main.c.obj
 .debug_macro   0x00015273       0x20 CMakeFiles/ReadPot.dir/Core/Src/main.c.obj
 .debug_macro   0x00015293       0x1c CMakeFiles/ReadPot.dir/Core/Src/main.c.obj
 .debug_macro   0x000152af       0x10 CMakeFiles/ReadPot.dir/Core/Src/main.c.obj
 .debug_macro   0x000152bf       0x1c CMakeFiles/ReadPot.dir/Core/Src/main.c.obj
 .debug_macro   0x000152db       0x16 CMakeFiles/ReadPot.dir/Core/Src/main.c.obj
 .debug_macro   0x000152f1      0x170 CMakeFiles/ReadPot.dir/Core/Src/main.c.obj
 .debug_macro   0x00015461      0x1fb CMakeFiles/ReadPot.dir/Core/Src/stm32f4xx_it.c.obj
 .debug_macro   0x0001565c      0x1f1 CMakeFiles/ReadPot.dir/Core/Src/stm32f4xx_hal_msp.c.obj
 .debug_macro   0x0001584d      0x1e3 CMakeFiles/ReadPot.dir/Drivers/STM32F4xx_HAL_Driver/Src/stm32f4xx_hal_adc.c.obj
 .debug_macro   0x00015a30      0x206 CMakeFiles/ReadPot.dir/Drivers/STM32F4xx_HAL_Driver/Src/stm32f4xx_hal_rcc.c.obj
 .debug_macro   0x00015c36      0x1e8 CMakeFiles/ReadPot.dir/Drivers/STM32F4xx_HAL_Driver/Src/stm32f4xx_hal_gpio.c.obj
 .debug_macro   0x00015e1e      0x1e2 CMakeFiles/ReadPot.dir/Drivers/STM32F4xx_HAL_Driver/Src/stm32f4xx_hal_cortex.c.obj
 .debug_macro   0x00016000      0x242 CMakeFiles/ReadPot.dir/Drivers/STM32F4xx_HAL_Driver/Src/stm32f4xx_hal.c.obj
 .debug_macro   0x00016242      0x1e3 CMakeFiles/ReadPot.dir/Drivers/STM32F4xx_HAL_Driver/Src/stm32f4xx_hal_uart.c.obj
 .debug_macro   0x00016425      0x1e2 CMakeFiles/ReadPot.dir/Core/Src/system_stm32f4xx.c.obj
 .debug_macro   0x00016607       0xec CMakeFiles/ReadPot.dir/Core/Src/sysmem.c.obj
 .debug_macro   0x000166f3       0x10 CMakeFiles/ReadPot.dir/Core/Src/sysmem.c.obj
 .debug_macro   0x00016703       0x6e CMakeFiles/ReadPot.dir/Core/Src/sysmem.c.obj
 .debug_macro   0x00016771       0x94 CMakeFiles/ReadPot.dir/Core/Src/sysmem.c.obj
 .debug_macro   0x00016805       0x57 CMakeFiles/ReadPot.dir/Core/Src/sysmem.c.obj
 .debug_macro   0x0001685c      0x23c CMakeFiles/ReadPot.dir/Core/Src/sysmem.c.obj

.debug_line     0x00000000     0xab6d
 .debug_line    0x00000000      0x919 CMakeFiles/ReadPot.dir/Core/Src/main.c.obj
 .debug_line    0x00000919      0x7bd CMakeFiles/ReadPot.dir/Core/Src/stm32f4xx_it.c.obj
 .debug_line    0x000010d6      0x78f CMakeFiles/ReadPot.dir/Core/Src/stm32f4xx_hal_msp.c.obj
 .debug_line    0x00001865     0x11b0 CMakeFiles/ReadPot.dir/Drivers/STM32F4xx_HAL_Driver/Src/stm32f4xx_hal_adc.c.obj
 .debug_line    0x00002a15      0xd5b CMakeFiles/ReadPot.dir/Drivers/STM32F4xx_HAL_Driver/Src/stm32f4xx_hal_rcc.c.obj
 .debug_line    0x00003770      0xb38 CMakeFiles/ReadPot.dir/Drivers/STM32F4xx_HAL_Driver/Src/stm32f4xx_hal_gpio.c.obj
 .debug_line    0x000042a8      0xcb0 CMakeFiles/ReadPot.dir/Drivers/STM32F4xx_HAL_Driver/Src/stm32f4xx_hal_cortex.c.obj
 .debug_line    0x00004f58      0x9e8 CMakeFiles/ReadPot.dir/Drivers/STM32F4xx_HAL_Driver/Src/stm32f4xx_hal.c.obj
 .debug_line    0x00005940     0x28ba CMakeFiles/ReadPot.dir/Drivers/STM32F4xx_HAL_Driver/Src/stm32f4xx_hal_uart.c.obj
 .debug_line    0x000081fa      0x77f CMakeFiles/ReadPot.dir/Core/Src/system_stm32f4xx.c.obj
 .debug_line    0x00008979      0x33c CMakeFiles/ReadPot.dir/Core/Src/sysmem.c.obj
 .debug_line    0x00008cb5       0x7a CMakeFiles/ReadPot.dir/startup_stm32f411xe.s.obj
 .debug_line    0x00008d2f      0x2b0 C:/ST/STM32CubeCLT_1.15.0/GNU-tools-for-STM32/bin/../lib/gcc/arm-none-eabi/12.3.1/../../../../arm-none-eabi/lib/thumb/v7e-m+fp/hard\libg_nano.a(libc_a-sprintf.o)
 .debug_line    0x00008fdf      0x180 C:/ST/STM32CubeCLT_1.15.0/GNU-tools-for-STM32/bin/../lib/gcc/arm-none-eabi/12.3.1/../../../../arm-none-eabi/lib/thumb/v7e-m+fp/hard\libg_nano.a(libc_a-strnlen.o)
 .debug_line    0x0000915f      0x185 C:/ST/STM32CubeCLT_1.15.0/GNU-tools-for-STM32/bin/../lib/gcc/arm-none-eabi/12.3.1/../../../../arm-none-eabi/lib/thumb/v7e-m+fp/hard\libg_nano.a(libc_a-errno.o)
 .debug_line    0x000092e4      0x882 C:/ST/STM32CubeCLT_1.15.0/GNU-tools-for-STM32/bin/../lib/gcc/arm-none-eabi/12.3.1/../../../../arm-none-eabi/lib/thumb/v7e-m+fp/hard\libg_nano.a(libc_a-nano-svfprintf.o)
 .debug_line    0x00009b66      0x74c C:/ST/STM32CubeCLT_1.15.0/GNU-tools-for-STM32/bin/../lib/gcc/arm-none-eabi/12.3.1/../../../../arm-none-eabi/lib/thumb/v7e-m+fp/hard\libg_nano.a(libc_a-nano-vfprintf_i.o)
 .debug_line    0x0000a2b2      0x1bc C:/ST/STM32CubeCLT_1.15.0/GNU-tools-for-STM32/bin/../lib/gcc/arm-none-eabi/12.3.1/../../../../arm-none-eabi/lib/thumb/v7e-m+fp/hard\libg_nano.a(libc_a-memmove.o)
 .debug_line    0x0000a46e       0x84 C:/ST/STM32CubeCLT_1.15.0/GNU-tools-for-STM32/bin/../lib/gcc/arm-none-eabi/12.3.1/../../../../arm-none-eabi/lib/thumb/v7e-m+fp/hard\libg_nano.a(libc_a-memchr.o)
 .debug_line    0x0000a4f2      0x202 C:/ST/STM32CubeCLT_1.15.0/GNU-tools-for-STM32/bin/../lib/gcc/arm-none-eabi/12.3.1/../../../../arm-none-eabi/lib/thumb/v7e-m+fp/hard\libg_nano.a(libc_a-memcpy-stub.o)
 .debug_line    0x0000a6f4      0x274 C:/ST/STM32CubeCLT_1.15.0/GNU-tools-for-STM32/bin/../lib/gcc/arm-none-eabi/12.3.1/../../../../arm-none-eabi/lib/thumb/v7e-m+fp/hard\libg_nano.a(libc_a-reallocr.o)
 .debug_line    0x0000a968      0x205 C:/ST/STM32CubeCLT_1.15.0/GNU-tools-for-STM32/bin/../lib/gcc/arm-none-eabi/12.3.1/../../../../arm-none-eabi/lib/thumb/v7e-m+fp/hard\libg_nano.a(libc_a-msizer.o)

.debug_str      0x00000000    0x91cfc
 .debug_str     0x00000000    0x8f05d CMakeFiles/ReadPot.dir/Core/Src/main.c.obj
                              0x8f384 (size before relaxing)
 .debug_str     0x0008f05d       0xe8 CMakeFiles/ReadPot.dir/Core/Src/stm32f4xx_it.c.obj
                              0x8b780 (size before relaxing)
 .debug_str     0x0008f145       0xc9 CMakeFiles/ReadPot.dir/Core/Src/stm32f4xx_hal_msp.c.obj
                              0x8bef5 (size before relaxing)
 .debug_str     0x0008f20e      0x2d2 CMakeFiles/ReadPot.dir/Drivers/STM32F4xx_HAL_Driver/Src/stm32f4xx_hal_adc.c.obj
                              0x8bdf9 (size before relaxing)
 .debug_str     0x0008f4e0      0x2ba CMakeFiles/ReadPot.dir/Drivers/STM32F4xx_HAL_Driver/Src/stm32f4xx_hal_rcc.c.obj
                              0x8bc52 (size before relaxing)
 .debug_str     0x0008f79a      0x140 CMakeFiles/ReadPot.dir/Drivers/STM32F4xx_HAL_Driver/Src/stm32f4xx_hal_gpio.c.obj
                              0x8b999 (size before relaxing)
 .debug_str     0x0008f8da      0x7a3 CMakeFiles/ReadPot.dir/Drivers/STM32F4xx_HAL_Driver/Src/stm32f4xx_hal_cortex.c.obj
                              0x8bf82 (size before relaxing)
 .debug_str     0x0009007d      0x59d CMakeFiles/ReadPot.dir/Drivers/STM32F4xx_HAL_Driver/Src/stm32f4xx_hal.c.obj
                              0x8c24a (size before relaxing)
 .debug_str     0x0009061a      0x645 CMakeFiles/ReadPot.dir/Drivers/STM32F4xx_HAL_Driver/Src/stm32f4xx_hal_uart.c.obj
                              0x8c221 (size before relaxing)
 .debug_str     0x00090c5f       0x69 CMakeFiles/ReadPot.dir/Core/Src/system_stm32f4xx.c.obj
                              0x8b81e (size before relaxing)
 .debug_str     0x00090cc8      0x4fb CMakeFiles/ReadPot.dir/Core/Src/sysmem.c.obj
                               0x5b1f (size before relaxing)
 .debug_str     0x000911c3       0x54 CMakeFiles/ReadPot.dir/startup_stm32f411xe.s.obj
                                 0x82 (size before relaxing)
 .debug_str     0x00091217      0x458 C:/ST/STM32CubeCLT_1.15.0/GNU-tools-for-STM32/bin/../lib/gcc/arm-none-eabi/12.3.1/../../../../arm-none-eabi/lib/thumb/v7e-m+fp/hard\libg_nano.a(libc_a-sprintf.o)
                                0x570 (size before relaxing)
 .debug_str     0x0009166f       0x5b C:/ST/STM32CubeCLT_1.15.0/GNU-tools-for-STM32/bin/../lib/gcc/arm-none-eabi/12.3.1/../../../../arm-none-eabi/lib/thumb/v7e-m+fp/hard\libg_nano.a(libc_a-strnlen.o)
                                0x219 (size before relaxing)
 .debug_str     0x000916ca       0x58 C:/ST/STM32CubeCLT_1.15.0/GNU-tools-for-STM32/bin/../lib/gcc/arm-none-eabi/12.3.1/../../../../arm-none-eabi/lib/thumb/v7e-m+fp/hard\libg_nano.a(libc_a-errno.o)
                                0x52b (size before relaxing)
 .debug_str     0x00091722      0x2bf C:/ST/STM32CubeCLT_1.15.0/GNU-tools-for-STM32/bin/../lib/gcc/arm-none-eabi/12.3.1/../../../../arm-none-eabi/lib/thumb/v7e-m+fp/hard\libg_nano.a(libc_a-nano-svfprintf.o)
                                0x87a (size before relaxing)
 .debug_str     0x000919e1       0xba C:/ST/STM32CubeCLT_1.15.0/GNU-tools-for-STM32/bin/../lib/gcc/arm-none-eabi/12.3.1/../../../../arm-none-eabi/lib/thumb/v7e-m+fp/hard\libg_nano.a(libc_a-nano-vfprintf_i.o)
                                0x810 (size before relaxing)
 .debug_str     0x00091a9b       0x74 C:/ST/STM32CubeCLT_1.15.0/GNU-tools-for-STM32/bin/../lib/gcc/arm-none-eabi/12.3.1/../../../../arm-none-eabi/lib/thumb/v7e-m+fp/hard\libg_nano.a(libc_a-memmove.o)
                                0x22c (size before relaxing)
 .debug_str     0x00091b0f       0x5f C:/ST/STM32CubeCLT_1.15.0/GNU-tools-for-STM32/bin/../lib/gcc/arm-none-eabi/12.3.1/../../../../arm-none-eabi/lib/thumb/v7e-m+fp/hard\libg_nano.a(libc_a-memchr.o)
                                 0xe2 (size before relaxing)
 .debug_str     0x00091b6e       0x78 C:/ST/STM32CubeCLT_1.15.0/GNU-tools-for-STM32/bin/../lib/gcc/arm-none-eabi/12.3.1/../../../../arm-none-eabi/lib/thumb/v7e-m+fp/hard\libg_nano.a(libc_a-memcpy-stub.o)
                                0x22f (size before relaxing)
 .debug_str     0x00091be6       0xad C:/ST/STM32CubeCLT_1.15.0/GNU-tools-for-STM32/bin/../lib/gcc/arm-none-eabi/12.3.1/../../../../arm-none-eabi/lib/thumb/v7e-m+fp/hard\libg_nano.a(libc_a-reallocr.o)
                                0x5a7 (size before relaxing)
 .debug_str     0x00091c93       0x69 C:/ST/STM32CubeCLT_1.15.0/GNU-tools-for-STM32/bin/../lib/gcc/arm-none-eabi/12.3.1/../../../../arm-none-eabi/lib/thumb/v7e-m+fp/hard\libg_nano.a(libc_a-msizer.o)
                                0x57a (size before relaxing)

.comment        0x00000000       0x43
 .comment       0x00000000       0x43 CMakeFiles/ReadPot.dir/Core/Src/main.c.obj
                                 0x44 (size before relaxing)
 .comment       0x00000043       0x44 CMakeFiles/ReadPot.dir/Core/Src/stm32f4xx_it.c.obj
 .comment       0x00000043       0x44 CMakeFiles/ReadPot.dir/Core/Src/stm32f4xx_hal_msp.c.obj
 .comment       0x00000043       0x44 CMakeFiles/ReadPot.dir/Drivers/STM32F4xx_HAL_Driver/Src/stm32f4xx_hal_adc.c.obj
 .comment       0x00000043       0x44 CMakeFiles/ReadPot.dir/Drivers/STM32F4xx_HAL_Driver/Src/stm32f4xx_hal_rcc.c.obj
 .comment       0x00000043       0x44 CMakeFiles/ReadPot.dir/Drivers/STM32F4xx_HAL_Driver/Src/stm32f4xx_hal_gpio.c.obj
 .comment       0x00000043       0x44 CMakeFiles/ReadPot.dir/Drivers/STM32F4xx_HAL_Driver/Src/stm32f4xx_hal_cortex.c.obj
 .comment       0x00000043       0x44 CMakeFiles/ReadPot.dir/Drivers/STM32F4xx_HAL_Driver/Src/stm32f4xx_hal.c.obj
 .comment       0x00000043       0x44 CMakeFiles/ReadPot.dir/Drivers/STM32F4xx_HAL_Driver/Src/stm32f4xx_hal_uart.c.obj
 .comment       0x00000043       0x44 CMakeFiles/ReadPot.dir/Core/Src/system_stm32f4xx.c.obj
 .comment       0x00000043       0x44 CMakeFiles/ReadPot.dir/Core/Src/sysmem.c.obj
 .comment       0x00000043       0x44 C:/ST/STM32CubeCLT_1.15.0/GNU-tools-for-STM32/bin/../lib/gcc/arm-none-eabi/12.3.1/../../../../arm-none-eabi/lib/thumb/v7e-m+fp/hard\libg_nano.a(libc_a-sprintf.o)
 .comment       0x00000043       0x44 C:/ST/STM32CubeCLT_1.15.0/GNU-tools-for-STM32/bin/../lib/gcc/arm-none-eabi/12.3.1/../../../../arm-none-eabi/lib/thumb/v7e-m+fp/hard\libg_nano.a(libc_a-strnlen.o)
 .comment       0x00000043       0x44 C:/ST/STM32CubeCLT_1.15.0/GNU-tools-for-STM32/bin/../lib/gcc/arm-none-eabi/12.3.1/../../../../arm-none-eabi/lib/thumb/v7e-m+fp/hard\libg_nano.a(libc_a-errno.o)
 .comment       0x00000043       0x44 C:/ST/STM32CubeCLT_1.15.0/GNU-tools-for-STM32/bin/../lib/gcc/arm-none-eabi/12.3.1/../../../../arm-none-eabi/lib/thumb/v7e-m+fp/hard\libg_nano.a(libc_a-nano-svfprintf.o)
 .comment       0x00000043       0x44 C:/ST/STM32CubeCLT_1.15.0/GNU-tools-for-STM32/bin/../lib/gcc/arm-none-eabi/12.3.1/../../../../arm-none-eabi/lib/thumb/v7e-m+fp/hard\libg_nano.a(libc_a-nano-vfprintf_i.o)
 .comment       0x00000043       0x44 C:/ST/STM32CubeCLT_1.15.0/GNU-tools-for-STM32/bin/../lib/gcc/arm-none-eabi/12.3.1/../../../../arm-none-eabi/lib/thumb/v7e-m+fp/hard\libg_nano.a(libc_a-memmove.o)
 .comment       0x00000043       0x44 C:/ST/STM32CubeCLT_1.15.0/GNU-tools-for-STM32/bin/../lib/gcc/arm-none-eabi/12.3.1/../../../../arm-none-eabi/lib/thumb/v7e-m+fp/hard\libg_nano.a(libc_a-memcpy-stub.o)
 .comment       0x00000043       0x44 C:/ST/STM32CubeCLT_1.15.0/GNU-tools-for-STM32/bin/../lib/gcc/arm-none-eabi/12.3.1/../../../../arm-none-eabi/lib/thumb/v7e-m+fp/hard\libg_nano.a(libc_a-reallocr.o)
 .comment       0x00000043       0x44 C:/ST/STM32CubeCLT_1.15.0/GNU-tools-for-STM32/bin/../lib/gcc/arm-none-eabi/12.3.1/../../../../arm-none-eabi/lib/thumb/v7e-m+fp/hard\libg_nano.a(libc_a-msizer.o)

.debug_line_str
                0x00000000      0x13a
 .debug_line_str
                0x00000000       0x66 CMakeFiles/ReadPot.dir/startup_stm32f411xe.s.obj
 .debug_line_str
                0x00000066       0xd4 C:/ST/STM32CubeCLT_1.15.0/GNU-tools-for-STM32/bin/../lib/gcc/arm-none-eabi/12.3.1/../../../../arm-none-eabi/lib/thumb/v7e-m+fp/hard\libg_nano.a(libc_a-memchr.o)

.debug_loclists
                0x00000000      0xc73
 .debug_loclists
                0x00000000       0x89 C:/ST/STM32CubeCLT_1.15.0/GNU-tools-for-STM32/bin/../lib/gcc/arm-none-eabi/12.3.1/../../../../arm-none-eabi/lib/thumb/v7e-m+fp/hard\libg_nano.a(libc_a-sprintf.o)
 .debug_loclists
                0x00000089       0x49 C:/ST/STM32CubeCLT_1.15.0/GNU-tools-for-STM32/bin/../lib/gcc/arm-none-eabi/12.3.1/../../../../arm-none-eabi/lib/thumb/v7e-m+fp/hard\libg_nano.a(libc_a-strnlen.o)
 .debug_loclists
                0x000000d2      0x47b C:/ST/STM32CubeCLT_1.15.0/GNU-tools-for-STM32/bin/../lib/gcc/arm-none-eabi/12.3.1/../../../../arm-none-eabi/lib/thumb/v7e-m+fp/hard\libg_nano.a(libc_a-nano-svfprintf.o)
 .debug_loclists
                0x0000054d      0x408 C:/ST/STM32CubeCLT_1.15.0/GNU-tools-for-STM32/bin/../lib/gcc/arm-none-eabi/12.3.1/../../../../arm-none-eabi/lib/thumb/v7e-m+fp/hard\libg_nano.a(libc_a-nano-vfprintf_i.o)
 .debug_loclists
                0x00000955      0x130 C:/ST/STM32CubeCLT_1.15.0/GNU-tools-for-STM32/bin/../lib/gcc/arm-none-eabi/12.3.1/../../../../arm-none-eabi/lib/thumb/v7e-m+fp/hard\libg_nano.a(libc_a-memmove.o)
 .debug_loclists
                0x00000a85       0x8f C:/ST/STM32CubeCLT_1.15.0/GNU-tools-for-STM32/bin/../lib/gcc/arm-none-eabi/12.3.1/../../../../arm-none-eabi/lib/thumb/v7e-m+fp/hard\libg_nano.a(libc_a-memcpy-stub.o)
 .debug_loclists
                0x00000b14       0xfd C:/ST/STM32CubeCLT_1.15.0/GNU-tools-for-STM32/bin/../lib/gcc/arm-none-eabi/12.3.1/../../../../arm-none-eabi/lib/thumb/v7e-m+fp/hard\libg_nano.a(libc_a-reallocr.o)
 .debug_loclists
                0x00000c11       0x62 C:/ST/STM32CubeCLT_1.15.0/GNU-tools-for-STM32/bin/../lib/gcc/arm-none-eabi/12.3.1/../../../../arm-none-eabi/lib/thumb/v7e-m+fp/hard\libg_nano.a(libc_a-msizer.o)
